******************************************************************************
             TMS320C2000 Linker PC v6.4.2                      
******************************************************************************
>> Linked Thu Dec 14 15:27:15 2017

OUTPUT FILE NAME:   <DiffDrive_v0.93.out>
ENTRY POINT SYMBOL: "code_start"  address: 00080000


MEMORY CONFIGURATION

         name            origin    length      used     unused   attr    fill
----------------------  --------  ---------  --------  --------  ----  --------
PAGE 0:
  RAMM0                 00000122   000002de  00000000  000002de  RWIX
  RAMLS0                00008000   00000800  000001de  00000622  RWIX
  RAMLS1                00008800   00000800  00000000  00000800  RWIX
  RAMLS2                00009000   00000800  00000000  00000800  RWIX
  RAMLS3                00009800   00000800  00000000  00000800  RWIX
  RAMLS4                0000a000   00000800  00000000  00000800  RWIX
  RAMD0                 0000b000   00000800  00000000  00000800  RWIX
  RAMGS14               0001a000   00001000  00000000  00001000  RWIX
  RAMGS15               0001b000   00001000  00000000  00001000  RWIX
  BEGIN                 00080000   00000002  00000002  00000000  RWIX
  FLASHA                00080002   00001ffe  00000000  00001ffe  RWIX
  FLASHB                00082000   00002000  00001ffd  00000003  RWIX
  FLASHC                00084000   00002000  00001fff  00000001  RWIX
  FLASHD                00086000   00002000  000005ae  00001a52  RWIX
  FLASHE                00088000   00008000  00000000  00008000  RWIX
  FLASHF                00090000   00008000  000001f8  00007e08  RWIX
  FLASHG                00098000   00008000  00000000  00008000  RWIX
  FLASHI                000a8000   00008000  00000000  00008000  RWIX
  FLASHJ                000b0000   00008000  00000000  00008000  RWIX
  FLASHK                000b8000   00002000  00000000  00002000  RWIX
  FLASHL                000ba000   00002000  00000000  00002000  RWIX
  FLASHM                000bc000   00002000  00000000  00002000  RWIX
  FLASHN                000be000   00002000  00000000  00002000  RWIX
  FLASHO                000c0000   00002000  00000000  00002000  RWIX
  FLASHP                000c2000   00002000  00000000  00002000  RWIX
  FLASHQ                000c4000   00002000  00000000  00002000  RWIX
  FLASHR                000c6000   00002000  00000000  00002000  RWIX
  FLASHS                000c8000   00008000  00000000  00008000  RWIX
  FLASHT                000d0000   00008000  00000000  00008000  RWIX
  FLASHU                000d8000   00008000  00000000  00008000  RWIX
  FLASHV                000e0000   00008000  00000000  00008000  RWIX
  FLASHW                000e8000   00008000  00000000  00008000  RWIX
  FLASHX                000f0000   00008000  00000000  00008000  RWIX
  FLASHY                000f8000   00002000  00000000  00002000  RWIX
  FLASHZ                000fa000   00002000  00000000  00002000  RWIX
  FLASHAA               000fc000   00002000  00000000  00002000  RWIX
  FLASHAB               000fe000   00002000  00000000  00002000  RWIX
  RESET                 003fffc0   00000002  00000000  00000002  RWIX

PAGE 1:
  BOOT_RSVD             00000002   00000120  00000000  00000120  RWIX
  RAMM1                 00000400   00000400  00000380  00000080  RWIX
  ADCA_RESULT           00000b00   00000020  00000018  00000008  RWIX
  ADCB_RESULT           00000b20   00000020  00000018  00000008  RWIX
  ADCC_RESULT           00000b40   00000020  00000018  00000008  RWIX
  ADCD_RESULT           00000b60   00000020  00000018  00000008  RWIX
  CPU_TIMER0            00000c00   00000008  00000008  00000000  RWIX
  CPU_TIMER1            00000c08   00000008  00000008  00000000  RWIX
  CPU_TIMER2            00000c10   00000008  00000008  00000000  RWIX
  PIE_CTRL              00000ce0   00000020  0000001a  00000006  RWIX
  PIE_VECT              00000d00   00000200  000001c0  00000040  RWIX
  DMA                   00001000   00000200  000000e0  00000120  RWIX
  CLA1                  00001400   00000040  0000003e  00000002  RWIX
  EPWM1                 00004000   00000100  00000100  00000000  RWIX
  EPWM2                 00004100   00000100  00000100  00000000  RWIX
  EPWM3                 00004200   00000100  00000100  00000000  RWIX
  EPWM4                 00004300   00000100  00000100  00000000  RWIX
  EPWM5                 00004400   00000100  00000100  00000000  RWIX
  EPWM6                 00004500   00000100  00000100  00000000  RWIX
  EPWM7                 00004600   00000100  00000100  00000000  RWIX
  EPWM8                 00004700   00000100  00000100  00000000  RWIX
  EPWM9                 00004800   00000100  00000100  00000000  RWIX
  EPWM10                00004900   00000100  00000100  00000000  RWIX
  EPWM11                00004a00   00000100  00000100  00000000  RWIX
  EPWM12                00004b00   00000100  00000100  00000000  RWIX
  ECAP1                 00005000   00000020  00000020  00000000  RWIX
  ECAP2                 00005020   00000020  00000020  00000000  RWIX
  ECAP3                 00005040   00000020  00000020  00000000  RWIX
  ECAP4                 00005060   00000020  00000020  00000000  RWIX
  ECAP5                 00005080   00000020  00000020  00000000  RWIX
  ECAP6                 000050a0   00000020  00000020  00000000  RWIX
  EQEP1                 00005100   00000040  00000022  0000001e  RWIX
  EQEP2                 00005140   00000040  00000022  0000001e  RWIX
  EQEP3                 00005180   00000040  00000022  0000001e  RWIX
  DACA                  00005c00   00000010  00000008  00000008  RWIX
  DACB                  00005c10   00000010  00000008  00000008  RWIX
  DACC                  00005c20   00000010  00000008  00000008  RWIX
  CMPSS1                00005c80   00000020  00000020  00000000  RWIX
  CMPSS2                00005ca0   00000020  00000020  00000000  RWIX
  CMPSS3                00005cc0   00000020  00000020  00000000  RWIX
  CMPSS4                00005ce0   00000020  00000020  00000000  RWIX
  CMPSS5                00005d00   00000020  00000020  00000000  RWIX
  CMPSS6                00005d20   00000020  00000020  00000000  RWIX
  CMPSS7                00005d40   00000020  00000020  00000000  RWIX
  CMPSS8                00005d60   00000020  00000020  00000000  RWIX
  SDFM1                 00005e00   00000080  00000080  00000000  RWIX
  SDFM2                 00005e80   00000080  00000080  00000000  RWIX
  MCBSPA                00006000   00000040  00000024  0000001c  RWIX
  MCBSPB                00006040   00000040  00000024  0000001c  RWIX
  SPIA                  00006100   00000010  00000010  00000000  RWIX
  SPIB                  00006110   00000010  00000010  00000000  RWIX
  SPIC                  00006120   00000010  00000010  00000000  RWIX
  SPID                  00006130   00000010  00000000  00000010  RWIX
  UPP                   00006200   00000100  00000048  000000b8  RWIX
  WD                    00007000   00000040  0000002b  00000015  RWIX
  NMIINTRUPT            00007060   00000010  00000007  00000009  RWIX
  XINT                  00007070   00000010  0000000b  00000005  RWIX
  SCIA                  00007200   00000010  00000010  00000000  RWIX
  SCIB                  00007210   00000010  00000010  00000000  RWIX
  SCIC                  00007220   00000010  00000010  00000000  RWIX
  SCID                  00007230   00000010  00000010  00000000  RWIX
  I2CA                  00007300   00000040  00000022  0000001e  RWIX
  I2CB                  00007340   00000040  00000022  0000001e  RWIX
  ADCA                  00007400   00000080  00000080  00000000  RWIX
  ADCB                  00007480   00000080  00000080  00000000  RWIX
  ADCC                  00007500   00000080  00000080  00000000  RWIX
  ADCD                  00007580   00000080  00000080  00000000  RWIX
  INPUT_XBAR            00007900   00000020  00000020  00000000  RWIX
  XBAR                  00007920   00000020  00000020  00000000  RWIX
  SYNC_SOC              00007940   00000010  00000006  0000000a  RWIX
  DMACLASRCSEL          00007980   00000040  0000001a  00000026  RWIX
  EPWM_XBAR             00007a00   00000040  00000040  00000000  RWIX
  CLB_XBAR              00007a40   00000040  00000000  00000040  RWIX
  OUTPUT_XBAR           00007a80   00000040  00000040  00000000  RWIX
  GPIOCTRL              00007c00   00000180  00000180  00000000  RWIX
  GPIODAT               00007f00   00000030  00000030  00000000  RWIX
  RAMLS5                0000a800   00000800  000000f0  00000710  RWIX
  RAMD1                 0000b800   00000800  00000000  00000800  RWIX
  RAMGS0                0000c000   00001000  00000a90  00000570  RWIX
  RAMGS1                0000d000   00001000  00000000  00001000  RWIX
  RAMGS2                0000e000   00001000  00000000  00001000  RWIX
  RAMGS3                0000f000   00001000  00000000  00001000  RWIX
  RAMGS4                00010000   00001000  00000000  00001000  RWIX
  RAMGS5                00011000   00001000  00000000  00001000  RWIX
  RAMGS6                00012000   00001000  00000000  00001000  RWIX
  RAMGS7                00013000   00001000  00000000  00001000  RWIX
  RAMGS8                00014000   00001000  00000000  00001000  RWIX
  RAMGS9                00015000   00001000  00000000  00001000  RWIX
  RAMGS10               00016000   00001000  00000000  00001000  RWIX
  RAMGS11               00017000   00001000  00000000  00001000  RWIX
  RAMGS12               00018000   00001000  00000000  00001000  RWIX
  RAMGS13               00019000   00001000  00000000  00001000  RWIX
  EMIF1                 00047000   00000800  00000070  00000790  RWIX
  EMIF2                 00047800   00000800  00000070  00000790  RWIX
  FLASHPUMPSEMAPHORE    00050024   00000002  00000002  00000000  RWIX
  DEV_CFG               0005d000   00000180  0000012e  00000052  RWIX
  ANALOG_SUBSYS         0005d180   00000080  00000048  00000038  RWIX
  CLK_CFG               0005d200   00000100  00000032  000000ce  RWIX
  CPU_SYS               0005d300   00000100  00000082  0000007e  RWIX
  ROMPREFETCH           0005e608   00000002  00000002  00000000  RWIX
  DCSM_Z1               0005f000   00000030  00000024  0000000c  RWIX
  DCSM_Z2               0005f040   00000030  00000024  0000000c  RWIX
  DCSM_COMMON           0005f070   00000010  00000008  00000008  RWIX
  MEMCFG                0005f400   00000080  00000080  00000000  RWIX
  EMIF1CONFIG           0005f480   00000020  00000020  00000000  RWIX
  EMIF2CONFIG           0005f4a0   00000020  00000020  00000000  RWIX
  ACCESSPROTECTION      0005f4c0   00000040  00000040  00000000  RWIX
  MEMORYERROR           0005f500   00000040  00000040  00000000  RWIX
  ROMWAITSTATE          0005f540   00000002  00000002  00000000  RWIX
  FLASH0_CTRL           0005f800   00000300  00000182  0000017e  RWIX
  FLASH0_ECC            0005fb00   00000040  00000028  00000018  RWIX
  FLASH1_CTRL           0005fc00   00000300  00000182  0000017e  RWIX
  FLASH1_ECC            0005ff00   00000040  00000028  00000018  RWIX
  DCSM_Z1_OTP           00078000   00000020  00000020  00000000  RWIX
  DCSM_Z2_OTP           00078200   00000020  00000020  00000000  RWIX
  FLASHH                000a0000   00008000  00000000  00008000  RWIX


SECTION ALLOCATION MAP

 output                                  attributes/
section   page    origin      length       input sections
--------  ----  ----------  ----------   ----------------
codestart 
*          0    00080000    00000002     
                  00080000    00000002     F2837xS_CodeStartBranch.obj (codestart)

.cinit     0    00082000    00000333     
                  00082000    000002ff     DiffDrive.obj (.cinit)
                  000822ff    00000014     WiFly_Commands.obj (.cinit)
                  00082313    0000000a     rts2800_fpu32.lib : exit.obj (.cinit)
                  0008231d    00000005                       : _lock.obj (.cinit:__lock)
                  00082322    00000005                       : _lock.obj (.cinit:__unlock)
                  00082327    00000005     flash.obj (.cinit)
                  0008232c    00000005     pwm_servo.obj (.cinit)
                  00082331    00000002     --HOLE-- [fill = 0]

.pinit     0    00082000    00000000     UNINITIALIZED

.switch    0    00082334    00000026     
                  00082334    00000026     config_mode_cmd.obj (.switch:_execute_config_mode_cmd)

.text.1    0    0008235c    00001ca4     
                  0008235c    000010c9     DiffDrive.obj (.text)
                  00083425    00000585     F2837xS_DefaultISR.obj (.text:retain)
                  000839aa    000004b8     WiFly_Commands.obj (.text)
                  00083e62    0000019e     F021_API_F2837xS_FPU32.lib : Program.obj (.text:_Fapi_issueProgrammingCommand)

.text.2    0    00084000    00001fff     
                  00084000    0000034b     steering_config.obj (.text)
                  0008434b    000002f1     uart.obj (.text)
                  0008463c    000002af     F2837xS_SysCtrl.obj (.text)
                  000848eb    00000276     F021_API_F2837xS_FPU32.lib : FlashStateMachine.obj (.text:__Fapi_setupFlashStateMachine)
                  00084b61    00000273     sysctl.obj (.text)
                  00084dd4    00000259     fsm_main.obj (.text)
                  0008502d    0000024a     F2837xS_Gpio.obj (.text)
                  00085277    00000234     config.obj (.text)
                  000854ab    000001d7     interrupt.obj (.text)
                  00085682    000000f8     drv8301.obj (.text)
                  0008577a    000000dd     F2837xS_Adc.obj (.text)
                  00085857    000000dc     DLOG_4CH_F.obj (.text)
                  00085933    000000c6     pwm_servo.obj (.text)
                  000859f9    000000b5     steering_control.obj (.text)
                  00085aae    000000a8     DRV830x_SPI.obj (.text)
                  00085b56    0000009c     rts2800_fpu32.lib : fd_add.obj (.text)
                  00085bf2    0000008b                       : fd_div.obj (.text)
                  00085c7d    00000088                       : fs_div.obj (.text)
                  00085d05    00000083                       : fd_mpy.obj (.text)
                  00085d88    00000082     F021_API_F2837xS_FPU32.lib : Read.obj (.text:__Fapi_loopRegionForValue)
                  00085e0a    00000062     rts2800_fpu32.lib : tan.obj (.text)
                  00085e6c    0000005f     F021_API_F2837xS_FPU32.lib : Init.obj (.text:_Fapi_initializeAPI)
                  00085ecb    00000055                                : FlashStateMachine.obj (.text:_Fapi_setupEepromSectorEnable)
                  00085f20    00000055     config_mode_cmd.obj (.text)
                  00085f75    00000046     rts2800_fpu32.lib : boot.obj (.text)
                  00085fbb    00000042     flash.obj (.text)
                  00085ffd    00000002     F021_API_F2837xS_FPU32.lib : Fapi_UserDefinedFunctions.obj (.text:_Fapi_serviceWatchdogTimer)

ramfuncs   0    00086000    000001de     RUN ADDR = 00008000
                  00086000    000000b7     flash.obj (ramfuncs)
                  000860b7    0000009d     Motor_ctrl.obj (ramfuncs)
                  00086154    0000004a     F2837xS_SysCtrl.obj (ramfuncs)
                  0008619e    00000038     DiffDrive.obj (ramfuncs:retain)
                  000861d6    00000004     F2837xS_usDelay.obj (ramfuncs)
                  000861da    00000004     sysctl.obj (ramfuncs)

.stack     1    00000400    00000380     UNINITIALIZED
                  00000400    00000380     --HOLE--

.reset     0    003fffc0    00000002     DSECT
                  003fffc0    00000002     rts2800_fpu32.lib : boot.obj (.reset)

.text.3    0    000861e0    000003d0     
                  000861e0    0000003d     F021_API_F2837xS_FPU32.lib : BlankCheck.obj (.text:_Fapi_doBlankCheck)
                  0008621d    00000036                                : FlashStateMachine.obj (.text:_Fapi_isAddressEcc)
                  00086253    00000035     hal_led.obj (.text)
                  00086288    00000032     F021_API_F2837xS_FPU32.lib : Read.obj (.text:__Fapi_checkRegionForValue)
                  000862ba    0000002f                                : FlashStateMachine.obj (.text:__Fapi_issueFsmCommand)
                  000862e9    0000002c                                : Utilities.obj (.text:_Fapi_calculateFletcherChecksum)
                  00086315    0000002a                                : Utilities.obj (.text:__Fapi_divideUnsignedLong)
                  0008633f    00000029                                : FlashStateMachine.obj (.text:__Fapi_setupSectorsForWrite)
                  00086368    00000028     F2837xS_PieCtrl.obj (.text)
                  00086390    00000028     F2837xS_PieVect.obj (.text)
                  000863b8    00000026     F021_API_F2837xS_FPU32.lib : Read.obj (.text:_Fapi_flushPipeline)
                  000863de    00000026                                : FlashStateMachine.obj (.text:_Fapi_setActiveFlashBank)
                  00086404    00000025                                : FlashStateMachine.obj (.text:_Fapi_setupBankSectorEnable)
                  00086429    00000024                                : Async.obj (.text:_Fapi_issueAsyncCommandWithAddress)
                  0008644d    0000001f     rts2800_fpu32.lib : fd_tol.obj (.text)
                  0008646c    0000001e                       : memcpy.obj (.text)
                  0008648a    0000001c                       : modf.obj (.text)
                  000864a6    0000001a     F021_API_F2837xS_FPU32.lib : Verify.obj (.text:_Fapi_doVerify)
                  000864c0    0000001a                                : Utilities.obj (.text:_Fapi_waitDelay)
                  000864da    00000019     rts2800_fpu32.lib : args_main.obj (.text)
                  000864f3    00000019                       : exit.obj (.text)
                  0008650c    00000016     hal_button.obj (.text)
                  00086522    00000016     rts2800_fpu32.lib : ul_tofd.obj (.text)
                  00086538    00000014     power_limits.obj (.text)
                  0008654c    0000000f     F021_API_F2837xS_FPU32.lib : Utilities.obj (.text:__Fapi_scaleCycleValues)
                  0008655b    0000000e     interrupt.obj (.text:retain)
                  00086569    0000000e     rts2800_fpu32.lib : fd_sub.obj (.text)
                  00086577    0000000b     F021_API_F2837xS_FPU32.lib : FlashStateMachine.obj (.text:_Fapi_checkFsmForReady)
                  00086582    0000000b                                : Utilities.obj (.text:__Fapi_calculateOtpChecksum)
                  0008658d    0000000b     rts2800_fpu32.lib : u_div.obj (.text)
                  00086598    00000009                       : _lock.obj (.text)
                  000865a1    00000008     F2837xS_CodeStartBranch.obj (.text)
                  000865a9    00000007     F021_API_F2837xS_FPU32.lib : FlashStateMachine.obj (.text:_Fapi_getFsmStatus)

.econst    0    00090000    000001f8     
                  00090000    000001c0     F2837xS_PieVect.obj (.econst)
                  000901c0    00000016     steering_config.obj (.econst)
                  000901d6    00000014     WiFly_Commands.obj (.econst)
                  000901ea    00000004     WiFly_Commands.obj (.econst:.string:_$P$T1$2)
                  000901ee    00000004     WiFly_Commands.obj (.econst:.string:_$P$T2$7)
                  000901f2    00000003     WiFly_Commands.obj (.econst:.string:_$P$T0$1)
                  000901f5    00000001     --HOLE-- [fill = 0]
                  000901f6    00000002     fsm_main.obj (.econst)

AdcaResultFile 
*          1    00000b00    00000018     UNINITIALIZED
                  00000b00    00000018     F2837xS_GlobalVariableDefs.obj (AdcaResultFile)

AdcbResultFile 
*          1    00000b20    00000018     UNINITIALIZED
                  00000b20    00000018     F2837xS_GlobalVariableDefs.obj (AdcbResultFile)

AdccResultFile 
*          1    00000b40    00000018     UNINITIALIZED
                  00000b40    00000018     F2837xS_GlobalVariableDefs.obj (AdccResultFile)

AdcdResultFile 
*          1    00000b60    00000018     UNINITIALIZED
                  00000b60    00000018     F2837xS_GlobalVariableDefs.obj (AdcdResultFile)

CpuTimer0RegsFile 
*          1    00000c00    00000008     UNINITIALIZED
                  00000c00    00000008     F2837xS_GlobalVariableDefs.obj (CpuTimer0RegsFile)

CpuTimer1RegsFile 
*          1    00000c08    00000008     UNINITIALIZED
                  00000c08    00000008     F2837xS_GlobalVariableDefs.obj (CpuTimer1RegsFile)

CpuTimer2RegsFile 
*          1    00000c10    00000008     UNINITIALIZED
                  00000c10    00000008     F2837xS_GlobalVariableDefs.obj (CpuTimer2RegsFile)

PieCtrlRegsFile 
*          1    00000ce0    0000001a     UNINITIALIZED
                  00000ce0    0000001a     F2837xS_GlobalVariableDefs.obj (PieCtrlRegsFile)

PieVectTableFile 
*          1    00000d00    000001c0     UNINITIALIZED
                  00000d00    000001c0     F2837xS_GlobalVariableDefs.obj (PieVectTableFile)

EmuKeyVar 
*          1    00000d00    00000001     UNINITIALIZED
                  00000d00    00000001     F2837xS_GlobalVariableDefs.obj (EmuKeyVar)

EmuBModeVar 
*          1    00000d01    00000001     UNINITIALIZED
                  00000d01    00000001     F2837xS_GlobalVariableDefs.obj (EmuBModeVar)

FlashCallbackVar 
*          1    00000d02    00000000     UNINITIALIZED

FlashScalingVar 
*          1    00000d02    00000000     UNINITIALIZED

DmaRegsFile 
*          1    00001000    000000e0     UNINITIALIZED
                  00001000    000000e0     F2837xS_GlobalVariableDefs.obj (DmaRegsFile)

Cla1RegsFile 
*          1    00001400    0000003e     UNINITIALIZED
                  00001400    0000003e     F2837xS_GlobalVariableDefs.obj (Cla1RegsFile)

EPwm1RegsFile 
*          1    00004000    00000100     UNINITIALIZED
                  00004000    00000100     F2837xS_GlobalVariableDefs.obj (EPwm1RegsFile)

EPwm2RegsFile 
*          1    00004100    00000100     UNINITIALIZED
                  00004100    00000100     F2837xS_GlobalVariableDefs.obj (EPwm2RegsFile)

EPwm3RegsFile 
*          1    00004200    00000100     UNINITIALIZED
                  00004200    00000100     F2837xS_GlobalVariableDefs.obj (EPwm3RegsFile)

EPwm4RegsFile 
*          1    00004300    00000100     UNINITIALIZED
                  00004300    00000100     F2837xS_GlobalVariableDefs.obj (EPwm4RegsFile)

EPwm5RegsFile 
*          1    00004400    00000100     UNINITIALIZED
                  00004400    00000100     F2837xS_GlobalVariableDefs.obj (EPwm5RegsFile)

EPwm6RegsFile 
*          1    00004500    00000100     UNINITIALIZED
                  00004500    00000100     F2837xS_GlobalVariableDefs.obj (EPwm6RegsFile)

EPwm7RegsFile 
*          1    00004600    00000100     UNINITIALIZED
                  00004600    00000100     F2837xS_GlobalVariableDefs.obj (EPwm7RegsFile)

EPwm8RegsFile 
*          1    00004700    00000100     UNINITIALIZED
                  00004700    00000100     F2837xS_GlobalVariableDefs.obj (EPwm8RegsFile)

EPwm9RegsFile 
*          1    00004800    00000100     UNINITIALIZED
                  00004800    00000100     F2837xS_GlobalVariableDefs.obj (EPwm9RegsFile)

EPwm10RegsFile 
*          1    00004900    00000100     UNINITIALIZED
                  00004900    00000100     F2837xS_GlobalVariableDefs.obj (EPwm10RegsFile)

EPwm11RegsFile 
*          1    00004a00    00000100     UNINITIALIZED
                  00004a00    00000100     F2837xS_GlobalVariableDefs.obj (EPwm11RegsFile)

EPwm12RegsFile 
*          1    00004b00    00000100     UNINITIALIZED
                  00004b00    00000100     F2837xS_GlobalVariableDefs.obj (EPwm12RegsFile)

ECap1RegsFile 
*          1    00005000    00000020     UNINITIALIZED
                  00005000    00000020     F2837xS_GlobalVariableDefs.obj (ECap1RegsFile)

ECap2RegsFile 
*          1    00005020    00000020     UNINITIALIZED
                  00005020    00000020     F2837xS_GlobalVariableDefs.obj (ECap2RegsFile)

ECap3RegsFile 
*          1    00005040    00000020     UNINITIALIZED
                  00005040    00000020     F2837xS_GlobalVariableDefs.obj (ECap3RegsFile)

ECap4RegsFile 
*          1    00005060    00000020     UNINITIALIZED
                  00005060    00000020     F2837xS_GlobalVariableDefs.obj (ECap4RegsFile)

ECap5RegsFile 
*          1    00005080    00000020     UNINITIALIZED
                  00005080    00000020     F2837xS_GlobalVariableDefs.obj (ECap5RegsFile)

ECap6RegsFile 
*          1    000050a0    00000020     UNINITIALIZED
                  000050a0    00000020     F2837xS_GlobalVariableDefs.obj (ECap6RegsFile)

EQep1RegsFile 
*          1    00005100    00000022     UNINITIALIZED
                  00005100    00000022     F2837xS_GlobalVariableDefs.obj (EQep1RegsFile)

EQep2RegsFile 
*          1    00005140    00000022     UNINITIALIZED
                  00005140    00000022     F2837xS_GlobalVariableDefs.obj (EQep2RegsFile)

EQep3RegsFile 
*          1    00005180    00000022     UNINITIALIZED
                  00005180    00000022     F2837xS_GlobalVariableDefs.obj (EQep3RegsFile)

DacaRegsFile 
*          1    00005c00    00000008     UNINITIALIZED
                  00005c00    00000008     F2837xS_GlobalVariableDefs.obj (DacaRegsFile)

DacbRegsFile 
*          1    00005c10    00000008     UNINITIALIZED
                  00005c10    00000008     F2837xS_GlobalVariableDefs.obj (DacbRegsFile)

DaccRegsFile 
*          1    00005c20    00000008     UNINITIALIZED
                  00005c20    00000008     F2837xS_GlobalVariableDefs.obj (DaccRegsFile)

Cmpss1RegsFile 
*          1    00005c80    00000020     UNINITIALIZED
                  00005c80    00000020     F2837xS_GlobalVariableDefs.obj (Cmpss1RegsFile)

Cmpss2RegsFile 
*          1    00005ca0    00000020     UNINITIALIZED
                  00005ca0    00000020     F2837xS_GlobalVariableDefs.obj (Cmpss2RegsFile)

Cmpss3RegsFile 
*          1    00005cc0    00000020     UNINITIALIZED
                  00005cc0    00000020     F2837xS_GlobalVariableDefs.obj (Cmpss3RegsFile)

Cmpss4RegsFile 
*          1    00005ce0    00000020     UNINITIALIZED
                  00005ce0    00000020     F2837xS_GlobalVariableDefs.obj (Cmpss4RegsFile)

Cmpss5RegsFile 
*          1    00005d00    00000020     UNINITIALIZED
                  00005d00    00000020     F2837xS_GlobalVariableDefs.obj (Cmpss5RegsFile)

Cmpss6RegsFile 
*          1    00005d20    00000020     UNINITIALIZED
                  00005d20    00000020     F2837xS_GlobalVariableDefs.obj (Cmpss6RegsFile)

Cmpss7RegsFile 
*          1    00005d40    00000020     UNINITIALIZED
                  00005d40    00000020     F2837xS_GlobalVariableDefs.obj (Cmpss7RegsFile)

Cmpss8RegsFile 
*          1    00005d60    00000020     UNINITIALIZED
                  00005d60    00000020     F2837xS_GlobalVariableDefs.obj (Cmpss8RegsFile)

AdcaRegsFile 
*          1    00007400    00000080     UNINITIALIZED
                  00007400    00000080     F2837xS_GlobalVariableDefs.obj (AdcaRegsFile)

AdcbRegsFile 
*          1    00007480    00000080     UNINITIALIZED
                  00007480    00000080     F2837xS_GlobalVariableDefs.obj (AdcbRegsFile)

AdccRegsFile 
*          1    00007500    00000080     UNINITIALIZED
                  00007500    00000080     F2837xS_GlobalVariableDefs.obj (AdccRegsFile)

AdcdRegsFile 
*          1    00007580    00000080     UNINITIALIZED
                  00007580    00000080     F2837xS_GlobalVariableDefs.obj (AdcdRegsFile)

AnalogSubsysRegsFile 
*          1    0005d180    00000048     UNINITIALIZED
                  0005d180    00000048     F2837xS_GlobalVariableDefs.obj (AnalogSubsysRegsFile)

Cla1SoftIntRegsFile 
*          1    00000ce0    00000004     DSECT
                  00000ce0    00000004     F2837xS_GlobalVariableDefs.obj (Cla1SoftIntRegsFile)

Sdfm1RegsFile 
*          1    00005e00    00000080     UNINITIALIZED
                  00005e00    00000080     F2837xS_GlobalVariableDefs.obj (Sdfm1RegsFile)

Sdfm2RegsFile 
*          1    00005e80    00000080     UNINITIALIZED
                  00005e80    00000080     F2837xS_GlobalVariableDefs.obj (Sdfm2RegsFile)

McbspaRegsFile 
*          1    00006000    00000024     UNINITIALIZED
                  00006000    00000024     F2837xS_GlobalVariableDefs.obj (McbspaRegsFile)

McbspbRegsFile 
*          1    00006040    00000024     UNINITIALIZED
                  00006040    00000024     F2837xS_GlobalVariableDefs.obj (McbspbRegsFile)

SpiaRegsFile 
*          1    00006100    00000010     UNINITIALIZED
                  00006100    00000010     F2837xS_GlobalVariableDefs.obj (SpiaRegsFile)

SpibRegsFile 
*          1    00006110    00000010     UNINITIALIZED
                  00006110    00000010     F2837xS_GlobalVariableDefs.obj (SpibRegsFile)

SpicRegsFile 
*          1    00006120    00000010     UNINITIALIZED
                  00006120    00000010     F2837xS_GlobalVariableDefs.obj (SpicRegsFile)

UppRegsFile 
*          1    00006200    00000048     UNINITIALIZED
                  00006200    00000048     F2837xS_GlobalVariableDefs.obj (UppRegsFile)

WdRegsFile 
*          1    00007000    0000002b     UNINITIALIZED
                  00007000    0000002b     F2837xS_GlobalVariableDefs.obj (WdRegsFile)

NmiIntruptRegsFile 
*          1    00007060    00000007     UNINITIALIZED
                  00007060    00000007     F2837xS_GlobalVariableDefs.obj (NmiIntruptRegsFile)

XintRegsFile 
*          1    00007070    0000000b     UNINITIALIZED
                  00007070    0000000b     F2837xS_GlobalVariableDefs.obj (XintRegsFile)

SciaRegsFile 
*          1    00007200    00000010     UNINITIALIZED
                  00007200    00000010     F2837xS_GlobalVariableDefs.obj (SciaRegsFile)

ScibRegsFile 
*          1    00007210    00000010     UNINITIALIZED
                  00007210    00000010     F2837xS_GlobalVariableDefs.obj (ScibRegsFile)

ScicRegsFile 
*          1    00007220    00000010     UNINITIALIZED
                  00007220    00000010     F2837xS_GlobalVariableDefs.obj (ScicRegsFile)

ScidRegsFile 
*          1    00007230    00000010     UNINITIALIZED
                  00007230    00000010     F2837xS_GlobalVariableDefs.obj (ScidRegsFile)

I2caRegsFile 
*          1    00007300    00000022     UNINITIALIZED
                  00007300    00000022     F2837xS_GlobalVariableDefs.obj (I2caRegsFile)

I2cbRegsFile 
*          1    00007340    00000022     UNINITIALIZED
                  00007340    00000022     F2837xS_GlobalVariableDefs.obj (I2cbRegsFile)

InputXbarRegsFile 
*          1    00007900    00000020     UNINITIALIZED
                  00007900    00000020     F2837xS_GlobalVariableDefs.obj (InputXbarRegsFile)

XbarRegsFile 
*          1    00007920    00000020     UNINITIALIZED
                  00007920    00000020     F2837xS_GlobalVariableDefs.obj (XbarRegsFile)

SyncSocRegsFile 
*          1    00007940    00000006     UNINITIALIZED
                  00007940    00000006     F2837xS_GlobalVariableDefs.obj (SyncSocRegsFile)

DmaClaSrcSelRegsFile 
*          1    00007980    0000001a     UNINITIALIZED
                  00007980    0000001a     F2837xS_GlobalVariableDefs.obj (DmaClaSrcSelRegsFile)

EPwmXbarRegsFile 
*          1    00007a00    00000040     UNINITIALIZED
                  00007a00    00000040     F2837xS_GlobalVariableDefs.obj (EPwmXbarRegsFile)

OutputXbarRegsFile 
*          1    00007a80    00000040     UNINITIALIZED
                  00007a80    00000040     F2837xS_GlobalVariableDefs.obj (OutputXbarRegsFile)

GpioCtrlRegsFile 
*          1    00007c00    00000180     UNINITIALIZED
                  00007c00    00000180     F2837xS_GlobalVariableDefs.obj (GpioCtrlRegsFile)

GpioDataRegsFile 
*          1    00007f00    00000030     UNINITIALIZED
                  00007f00    00000030     F2837xS_GlobalVariableDefs.obj (GpioDataRegsFile)

.ebss.1    1    0000a800    000000f0     UNINITIALIZED
                  0000a800    000000a4     WiFly_Commands.obj (.ebss)
                  0000a8a4    00000019     flash.obj (.ebss)
                  0000a8bd    00000001     --HOLE--
                  0000a8be    00000002     rts2800_fpu32.lib : _lock.obj (.ebss:__lock)
                  0000a8c0    00000012     steering_config.obj (.ebss)
                  0000a8d2    0000000c     F021_API_F2837xS_FPU32.lib : Init.obj (.ebss)
                  0000a8de    0000000a     pwm_servo.obj (.ebss)
                  0000a8e8    00000004     rts2800_fpu32.lib : exit.obj (.ebss)
                  0000a8ec    00000002                       : _lock.obj (.ebss:__unlock)
                  0000a8ee    00000002     fsm_main.obj (.ebss)

.ebss.2    1    0000c000    00000a90     UNINITIALIZED
                  0000c000    00000a90     DiffDrive.obj (.ebss)

Emif1RegsFile 
*          1    00047000    00000070     UNINITIALIZED
                  00047000    00000070     F2837xS_GlobalVariableDefs.obj (Emif1RegsFile)

Emif2RegsFile 
*          1    00047800    00000070     UNINITIALIZED
                  00047800    00000070     F2837xS_GlobalVariableDefs.obj (Emif2RegsFile)

FlashPumpSemaphoreRegsFile 
*          1    00050024    00000002     UNINITIALIZED
                  00050024    00000002     F2837xS_GlobalVariableDefs.obj (FlashPumpSemaphoreRegsFile)

DevCfgRegsFile 
*          1    0005d000    0000012e     UNINITIALIZED
                  0005d000    0000012e     F2837xS_GlobalVariableDefs.obj (DevCfgRegsFile)

ClkCfgRegsFile 
*          1    0005d200    00000032     UNINITIALIZED
                  0005d200    00000032     F2837xS_GlobalVariableDefs.obj (ClkCfgRegsFile)

CpuSysRegsFile 
*          1    0005d300    00000082     UNINITIALIZED
                  0005d300    00000082     F2837xS_GlobalVariableDefs.obj (CpuSysRegsFile)

RomPrefetchRegsFile 
*          1    0005e608    00000002     UNINITIALIZED
                  0005e608    00000002     F2837xS_GlobalVariableDefs.obj (RomPrefetchRegsFile)

DcsmZ1RegsFile 
*          1    0005f000    00000024     UNINITIALIZED
                  0005f000    00000024     F2837xS_GlobalVariableDefs.obj (DcsmZ1RegsFile)

DcsmZ2RegsFile 
*          1    0005f040    00000024     UNINITIALIZED
                  0005f040    00000024     F2837xS_GlobalVariableDefs.obj (DcsmZ2RegsFile)

DcsmCommonRegsFile 
*          1    0005f070    00000008     UNINITIALIZED
                  0005f070    00000008     F2837xS_GlobalVariableDefs.obj (DcsmCommonRegsFile)

MemCfgRegsFile 
*          1    0005f400    00000080     UNINITIALIZED
                  0005f400    00000080     F2837xS_GlobalVariableDefs.obj (MemCfgRegsFile)

Emif1ConfigRegsFile 
*          1    0005f480    00000020     UNINITIALIZED
                  0005f480    00000020     F2837xS_GlobalVariableDefs.obj (Emif1ConfigRegsFile)

Emif2ConfigRegsFile 
*          1    0005f4a0    00000020     UNINITIALIZED
                  0005f4a0    00000020     F2837xS_GlobalVariableDefs.obj (Emif2ConfigRegsFile)

AccessProtectionRegsFile 
*          1    0005f4c0    00000040     UNINITIALIZED
                  0005f4c0    00000040     F2837xS_GlobalVariableDefs.obj (AccessProtectionRegsFile)

MemoryErrorRegsFile 
*          1    0005f500    00000040     UNINITIALIZED
                  0005f500    00000040     F2837xS_GlobalVariableDefs.obj (MemoryErrorRegsFile)

RomWaitStateRegsFile 
*          1    0005f540    00000002     UNINITIALIZED
                  0005f540    00000002     F2837xS_GlobalVariableDefs.obj (RomWaitStateRegsFile)

Flash0CtrlRegsFile 
*          1    0005f800    00000182     UNINITIALIZED
                  0005f800    00000182     F2837xS_GlobalVariableDefs.obj (Flash0CtrlRegsFile)

Flash0EccRegsFile 
*          1    0005fb00    00000028     UNINITIALIZED
                  0005fb00    00000028     F2837xS_GlobalVariableDefs.obj (Flash0EccRegsFile)

Flash1CtrlRegsFile 
*          1    0005fc00    00000182     UNINITIALIZED
                  0005fc00    00000182     F2837xS_GlobalVariableDefs.obj (Flash1CtrlRegsFile)

Flash1EccRegsFile 
*          1    0005ff00    00000028     UNINITIALIZED
                  0005ff00    00000028     F2837xS_GlobalVariableDefs.obj (Flash1EccRegsFile)

DcsmZ1OtpFile 
*          1    00078000    00000020     NOLOAD SECTION
                  00078000    00000020     F2837xS_GlobalVariableDefs.obj (DcsmZ1OtpFile)

DcsmZ2OtpFile 
*          1    00078200    00000020     NOLOAD SECTION
                  00078200    00000020     F2837xS_GlobalVariableDefs.obj (DcsmZ2OtpFile)


GLOBAL DATA SYMBOLS: SORTED BY DATA PAGE

address     data page           name
--------    ----------------    ----
00000400      10 (00000400)     __stack

00000b00      2c (00000b00)     _AdcaResultRegs
00000b20      2c (00000b00)     _AdcbResultRegs

00000b40      2d (00000b40)     _AdccResultRegs
00000b60      2d (00000b40)     _AdcdResultRegs

00000c00      30 (00000c00)     _CpuTimer0Regs
00000c08      30 (00000c00)     _CpuTimer1Regs
00000c10      30 (00000c00)     _CpuTimer2Regs

00000ce0      33 (00000cc0)     _Cla1SoftIntRegs
00000ce0      33 (00000cc0)     _PieCtrlRegs

00000d00      34 (00000d00)     _EmuKey
00000d00      34 (00000d00)     _PieVectTable
00000d01      34 (00000d00)     _EmuBMode

00001000      40 (00001000)     _DmaRegs

00001400      50 (00001400)     _Cla1Regs

00004000     100 (00004000)     _EPwm1Regs

00004100     104 (00004100)     _EPwm2Regs

00004200     108 (00004200)     _EPwm3Regs

00004300     10c (00004300)     _EPwm4Regs

00004400     110 (00004400)     _EPwm5Regs

00004500     114 (00004500)     _EPwm6Regs

00004600     118 (00004600)     _EPwm7Regs

00004700     11c (00004700)     _EPwm8Regs

00004800     120 (00004800)     _EPwm9Regs

00004900     124 (00004900)     _EPwm10Regs

00004a00     128 (00004a00)     _EPwm11Regs

00004b00     12c (00004b00)     _EPwm12Regs

00005000     140 (00005000)     _ECap1Regs
00005020     140 (00005000)     _ECap2Regs

00005040     141 (00005040)     _ECap3Regs
00005060     141 (00005040)     _ECap4Regs

00005080     142 (00005080)     _ECap5Regs
000050a0     142 (00005080)     _ECap6Regs

00005100     144 (00005100)     _EQep1Regs

00005140     145 (00005140)     _EQep2Regs

00005180     146 (00005180)     _EQep3Regs

00005c00     170 (00005c00)     _DacaRegs
00005c10     170 (00005c00)     _DacbRegs
00005c20     170 (00005c00)     _DaccRegs

00005c80     172 (00005c80)     _Cmpss1Regs
00005ca0     172 (00005c80)     _Cmpss2Regs

00005cc0     173 (00005cc0)     _Cmpss3Regs
00005ce0     173 (00005cc0)     _Cmpss4Regs

00005d00     174 (00005d00)     _Cmpss5Regs
00005d20     174 (00005d00)     _Cmpss6Regs

00005d40     175 (00005d40)     _Cmpss7Regs
00005d60     175 (00005d40)     _Cmpss8Regs

00005e00     178 (00005e00)     _Sdfm1Regs

00005e80     17a (00005e80)     _Sdfm2Regs

00006000     180 (00006000)     _McbspaRegs

00006040     181 (00006040)     _McbspbRegs

00006100     184 (00006100)     _SpiaRegs
00006110     184 (00006100)     _SpibRegs
00006120     184 (00006100)     _SpicRegs

00006200     188 (00006200)     _UppRegs

00007000     1c0 (00007000)     _WdRegs

00007060     1c1 (00007040)     _NmiIntruptRegs
00007070     1c1 (00007040)     _XintRegs

00007200     1c8 (00007200)     _SciaRegs
00007210     1c8 (00007200)     _ScibRegs
00007220     1c8 (00007200)     _ScicRegs
00007230     1c8 (00007200)     _ScidRegs

00007300     1cc (00007300)     _I2caRegs

00007340     1cd (00007340)     _I2cbRegs

00007400     1d0 (00007400)     _AdcaRegs

00007480     1d2 (00007480)     _AdcbRegs

00007500     1d4 (00007500)     _AdccRegs

00007580     1d6 (00007580)     _AdcdRegs

00007900     1e4 (00007900)     _InputXbarRegs
00007920     1e4 (00007900)     _XbarRegs

00007940     1e5 (00007940)     _SyncSocRegs

00007980     1e6 (00007980)     _DmaClaSrcSelRegs

00007a00     1e8 (00007a00)     _EPwmXbarRegs

00007a80     1ea (00007a80)     _OutputXbarRegs

00007c00     1f0 (00007c00)     _GpioCtrlRegs

00007f00     1fc (00007f00)     _GpioDataRegs

0000a8be     2a2 (0000a880)     __lock

0000a8d2     2a3 (0000a8c0)     _Fapi_GlobalInit
0000a8e8     2a3 (0000a8c0)     ___TI_cleanup_ptr
0000a8ea     2a3 (0000a8c0)     ___TI_dtors_ptr
0000a8ec     2a3 (0000a8c0)     __unlock

0000c000     300 (0000c000)     _ptrMax
0000c001     300 (0000c000)     _BackTicker
0000c002     300 (0000c000)     _DRV_RESET
0000c003     300 (0000c000)     _ptr1
0000c004     300 (0000c000)     _LedCnt
0000c005     300 (0000c000)     _OffsetCalCounter
0000c006     300 (0000c000)     _EnableFlag
0000c007     300 (0000c000)     _SerialCommsTimer
0000c008     300 (0000c000)     _K2
0000c00a     300 (0000c000)     _DlogCh1
0000c00c     300 (0000c000)     _K1
0000c00e     300 (0000c000)     _DlogCh3
0000c010     300 (0000c000)     _DlogCh2
0000c012     300 (0000c000)     _B_Task_Ptr
0000c014     300 (0000c000)     _A_Task_Ptr
0000c016     300 (0000c000)     _adc_cal
0000c018     300 (0000c000)     _IdRef_start
0000c01a     300 (0000c000)     _IsrTicker
0000c01c     300 (0000c000)     _C_Task_Ptr
0000c01e     300 (0000c000)     _Alpha_State_Ptr
0000c020     300 (0000c000)     _DlogCh4
0000c022     300 (0000c000)     _posSlewRate
0000c024     300 (0000c000)     _IdRef_run
0000c026     300 (0000c000)     _cntr1
0000c028     300 (0000c000)     _VTimer1
0000c02c     300 (0000c000)     _VTimer0
0000c030     300 (0000c000)     _VTimer2

0000c040     301 (0000c040)     _posArray
0000c050     301 (0000c040)     _steeringContr

0000c080     302 (0000c080)     _dlog_4ch1

0000c0c0     303 (0000c0c0)     _motor2

0000c240     309 (0000c240)     _motor1

0000c3c0     30f (0000c3c0)     _DBUFF_4CH2

0000c580     316 (0000c580)     _DBUFF_4CH1

0000c740     31d (0000c740)     _DBUFF_4CH4

0000c900     324 (0000c900)     _DBUFF_4CH3

00047000    11c0 (00047000)     _Emif1Regs

00047800    11e0 (00047800)     _Emif2Regs

00050024    1400 (00050000)     _FlashPumpSemaphoreRegs

0005d000    1740 (0005d000)     _DevCfgRegs

0005d180    1746 (0005d180)     _AnalogSubsysRegs

0005d200    1748 (0005d200)     _ClkCfgRegs

0005d300    174c (0005d300)     _CpuSysRegs

0005e608    1798 (0005e600)     _RomPrefetchRegs

0005f000    17c0 (0005f000)     _DcsmZ1Regs

0005f040    17c1 (0005f040)     _DcsmZ2Regs
0005f070    17c1 (0005f040)     _DcsmCommonRegs

0005f400    17d0 (0005f400)     _MemCfgRegs

0005f480    17d2 (0005f480)     _Emif1ConfigRegs
0005f4a0    17d2 (0005f480)     _Emif2ConfigRegs

0005f4c0    17d3 (0005f4c0)     _AccessProtectionRegs

0005f500    17d4 (0005f500)     _MemoryErrorRegs

0005f540    17d5 (0005f540)     _RomWaitStateRegs

0005f800    17e0 (0005f800)     _Flash0CtrlRegs

0005fb00    17ec (0005fb00)     _Flash0EccRegs

0005fc00    17f0 (0005fc00)     _Flash1CtrlRegs

0005ff00    17fc (0005ff00)     _Flash1EccRegs

00078000    1e00 (00078000)     _DcsmZ1Otp

00078200    1e08 (00078200)     _DcsmZ2Otp

00090000    2400 (00090000)     _PieVectTableInit


GLOBAL SYMBOLS: SORTED ALPHABETICALLY BY Name 

page  address   name                                  
----  -------   ----                                  
abs   ffffffff  .text                                 
0     000864f3  C$$EXIT                               
0     00085b56  FD$$ADD                               
0     00085bf2  FD$$DIV                               
0     00085d05  FD$$MPY                               
0     00086569  FD$$SUB                               
0     0008644d  FD$$TOL                               
0     00085c7d  FS$$DIV                               
0     0008658d  U$$DIV                                
0     00086592  U$$MOD                                
0     00086522  UL$$TOFD                              
0     000832fc  _A0                                   
0     0008333f  _A1                                   
0     00083378  _A2                                   
0     000833b1  _A3                                   
0     000834e3  _ADCA1_ISR                            
0     00083763  _ADCA2_ISR                            
0     0008376d  _ADCA3_ISR                            
0     00083777  _ADCA4_ISR                            
0     00083759  _ADCA_EVT_ISR                         
0     000834ed  _ADCB1_ISR                            
0     0008378b  _ADCB2_ISR                            
0     00083795  _ADCB3_ISR                            
0     0008379f  _ADCB4_ISR                            
0     00083781  _ADCB_EVT_ISR                         
0     000834f7  _ADCC1_ISR                            
0     000838f3  _ADCC2_ISR                            
0     000838fd  _ADCC3_ISR                            
0     00083907  _ADCC4_ISR                            
0     000838e9  _ADCC_EVT_ISR                         
0     00083515  _ADCD1_ISR                            
0     0008391b  _ADCD2_ISR                            
0     00083925  _ADCD3_ISR                            
0     0008392f  _ADCD4_ISR                            
0     00083911  _ADCD_EVT_ISR                         
0     0008396b  _AUX_PLL_SLIP_ISR                     
1     0000c014  _A_Task_Ptr                           
1     0005f4c0  _AccessProtectionRegs                 
0     0008577a  _AdcSetMode                           
1     00007400  _AdcaRegs                             
1     00000b00  _AdcaResultRegs                       
1     00007480  _AdcbRegs                             
1     00000b20  _AdcbResultRegs                       
1     00007500  _AdccRegs                             
1     00000b40  _AdccResultRegs                       
1     00007580  _AdcdRegs                             
1     00000b60  _AdcdResultRegs                       
1     0000c01e  _Alpha_State_Ptr                      
1     0005d180  _AnalogSubsysRegs                     
0     000848a8  _AuxAuxClkSel                         
0     00084892  _AuxIntOsc2Sel                        
0     0008489c  _AuxXtalOscSel                        
0     00083313  _B0                                   
0     000833b7  _B1                                   
0     000833cd  _B2                                   
0     000833e2  _B3                                   
1     0000c012  _B_Task_Ptr                           
1     0000c001  _BackTicker                           
0     00083329  _C0                                   
0     000833ee  _C1                                   
0     0008340e  _C2                                   
0     00083418  _C3                                   
0     00083731  _CANA0_ISR                            
0     0008373b  _CANA1_ISR                            
0     00083745  _CANB0_ISR                            
0     0008374f  _CANB1_ISR                            
0     000837a9  _CLA1_1_ISR                           
0     000837b3  _CLA1_2_ISR                           
0     000837bd  _CLA1_3_ISR                           
0     000837c7  _CLA1_4_ISR                           
0     000837d1  _CLA1_5_ISR                           
0     000837db  _CLA1_6_ISR                           
0     000837e5  _CLA1_7_ISR                           
0     000837ef  _CLA1_8_ISR                           
0     00083975  _CLA_OVERFLOW_ISR                     
0     0008397f  _CLA_UNDERFLOW_ISR                    
1     0000c01c  _C_Task_Ptr                           
0     0008581d  _CalAdcINL                            
1     00001400  _Cla1Regs                             
0     00000ce0  _Cla1SoftIntRegs                      
1     0005d200  _ClkCfgRegs                           
1     00005c80  _Cmpss1Regs                           
1     00005ca0  _Cmpss2Regs                           
1     00005cc0  _Cmpss3Regs                           
1     00005ce0  _Cmpss4Regs                           
1     00005d00  _Cmpss5Regs                           
1     00005d20  _Cmpss6Regs                           
1     00005d40  _Cmpss7Regs                           
1     00005d60  _Cmpss8Regs                           
0     000853a8  _ConfigureADC                         
1     0005d300  _CpuSysRegs                           
1     00000c00  _CpuTimer0Regs                        
1     00000c08  _CpuTimer1Regs                        
1     00000c10  _CpuTimer2Regs                        
0     00084851  _CsmUnlock                            
0     00083439  _DATALOG_ISR                          
1     0000c580  _DBUFF_4CH1                           
1     0000c3c0  _DBUFF_4CH2                           
1     0000c900  _DBUFF_4CH3                           
1     0000c740  _DBUFF_4CH4                           
0     00085893  _DLOG_4CH_F_FUNC                      
0     00085857  _DLOG_4CH_F_init                      
0     0008367d  _DMA_CH1_ISR                          
0     00083687  _DMA_CH2_ISR                          
0     00083691  _DMA_CH3_ISR                          
0     0008369b  _DMA_CH4_ISR                          
0     000836a5  _DMA_CH5_ISR                          
0     000836af  _DMA_CH6_ISR                          
0     00082bc0  _DMC1_Protection                      
0     00082c04  _DMC2_Protection                      
0     00085b07  _DRV8301_SPI_Read                     
0     00085b30  _DRV8301_SPI_Write                    
0     00085759  _DRV8301_diagnostics                  
0     00085ac7  _DRV8305_SPI_Read                     
0     00085ae1  _DRV8305_SPI_Write                    
1     0000c002  _DRV_RESET                            
1     00005c00  _DacaRegs                             
1     00005c10  _DacbRegs                             
1     00005c20  _DaccRegs                             
1     0005f070  _DcsmCommonRegs                       
1     00078000  _DcsmZ1Otp                            
1     0005f000  _DcsmZ1Regs                           
1     00078200  _DcsmZ2Otp                            
1     0005f040  _DcsmZ2Regs                           
1     0005d000  _DevCfgRegs                           
0     00084723  _DisableDog                           
0     000846fd  _DisablePeripheralClocks              
1     0000c00a  _DlogCh1                              
1     0000c010  _DlogCh2                              
1     0000c00e  _DlogCh3                              
1     0000c020  _DlogCh4                              
1     00007980  _DmaClaSrcSelRegs                     
1     00001000  _DmaRegs                              
0     000835d3  _ECAP1_ISR                            
0     000835dd  _ECAP2_ISR                            
0     000835e7  _ECAP3_ISR                            
0     000835f1  _ECAP4_ISR                            
0     000835fb  _ECAP5_ISR                            
0     00083605  _ECAP6_ISR                            
1     00005000  _ECap1Regs                            
1     00005020  _ECap2Regs                            
1     00005040  _ECap3Regs                            
1     00005060  _ECap4Regs                            
1     00005080  _ECap5Regs                            
1     000050a0  _ECap6Regs                            
0     00083939  _EMIF_ERROR_ISR                       
0     00083993  _EMPTY_ISR                            
0     0008344d  _EMU_ISR                              
0     0008388f  _EPWM10_ISR                           
0     00083867  _EPWM10_TZ_ISR                        
0     00083899  _EPWM11_ISR                           
0     00083871  _EPWM11_TZ_ISR                        
0     000838a3  _EPWM12_ISR                           
0     0008387b  _EPWM12_TZ_ISR                        
0     00083583  _EPWM1_ISR                            
0     00083533  _EPWM1_TZ_ISR                         
0     0008358d  _EPWM2_ISR                            
0     0008353d  _EPWM2_TZ_ISR                         
0     00083597  _EPWM3_ISR                            
0     00083547  _EPWM3_TZ_ISR                         
0     000835a1  _EPWM4_ISR                            
0     00083551  _EPWM4_TZ_ISR                         
0     000835ab  _EPWM5_ISR                            
0     0008355b  _EPWM5_TZ_ISR                         
0     000835b5  _EPWM6_ISR                            
0     00083565  _EPWM6_TZ_ISR                         
0     000835bf  _EPWM7_ISR                            
0     0008356f  _EPWM7_TZ_ISR                         
0     000835c9  _EPWM8_ISR                            
0     00083579  _EPWM8_TZ_ISR                         
0     00083885  _EPWM9_ISR                            
0     0008385d  _EPWM9_TZ_ISR                         
1     00004900  _EPwm10Regs                           
1     00004a00  _EPwm11Regs                           
1     00004b00  _EPwm12Regs                           
1     00004000  _EPwm1Regs                            
1     00004100  _EPwm2Regs                            
1     00004200  _EPwm3Regs                            
1     00004300  _EPwm4Regs                            
1     00004400  _EPwm5Regs                            
1     00004500  _EPwm6Regs                            
1     00004600  _EPwm7Regs                            
1     00004700  _EPwm8Regs                            
1     00004800  _EPwm9Regs                            
1     00007a00  _EPwmXbarRegs                         
0     0008360f  _EQEP1_ISR                            
0     00083619  _EQEP2_ISR                            
0     00083623  _EQEP3_ISR                            
1     00005100  _EQep1Regs                            
1     00005140  _EQep2Regs                            
1     00005180  _EQep3Regs                            
1     0005f480  _Emif1ConfigRegs                      
1     00047000  _Emif1Regs                            
1     0005f4a0  _Emif2ConfigRegs                      
1     00047800  _Emif2Regs                            
1     00000d01  _EmuBMode                             
1     00000d00  _EmuKey                               
1     0000c006  _EnableFlag                           
0     00086387  _EnableInterrupts                     
0     000081d6  _F28x_usDelay                         
0     0008394d  _FLASH_CORRECTABLE_ERROR_ISR          
0     00083821  _FPU_OVERFLOW_ISR                     
0     0008382b  _FPU_UNDERFLOW_ISR                    
1     0000a8d2  _Fapi_GlobalInit                      
0     000862e9  _Fapi_calculateFletcherChecksum       
0     00086577  _Fapi_checkFsmForReady                
0     000861e0  _Fapi_doBlankCheck                    
0     000864a6  _Fapi_doVerify                        
0     000863b8  _Fapi_flushPipeline                   
0     000865a9  _Fapi_getFsmStatus                    
0     00085e6c  _Fapi_initializeAPI                   
0     0008621d  _Fapi_isAddressEcc                    
0     00086429  _Fapi_issueAsyncCommandWithAddress    
0     00083e62  _Fapi_issueProgrammingCommand         
0     00085ffd  _Fapi_serviceWatchdogTimer            
0     000863de  _Fapi_setActiveFlashBank              
0     00086404  _Fapi_setupBankSectorEnable           
0     00085ecb  _Fapi_setupEepromSectorEnable         
0     000864c0  _Fapi_waitDelay                       
1     0005f800  _Flash0CtrlRegs                       
1     0005fb00  _Flash0EccRegs                        
1     0005fc00  _Flash1CtrlRegs                       
1     0005ff00  _Flash1EccRegs                        
1     00050024  _FlashPumpSemaphoreRegs               
0     0008522c  _GPIO_EnableUnbondedIOPullups         
0     00085207  _GPIO_EnableUnbondedIOPullupsFor100Pin
0     000851ee  _GPIO_EnableUnbondedIOPullupsFor176Pin
0     00085242  _GPIO_ReadPin                         
0     00085193  _GPIO_SetupLock                       
0     00085071  _GPIO_SetupPinMux                     
0     000850ff  _GPIO_SetupPinOptions                 
0     000851bc  _GPIO_SetupXINT1Gpio                  
0     000851c6  _GPIO_SetupXINT2Gpio                  
0     000851d0  _GPIO_SetupXINT3Gpio                  
0     000851da  _GPIO_SetupXINT4Gpio                  
0     000851e4  _GPIO_SetupXINT5Gpio                  
0     00082cfb  _GPIO_TogglePin                       
0     00085259  _GPIO_WritePin                        
1     00007c00  _GpioCtrlRegs                         
1     00007f00  _GpioDataRegs                         
0     000848c6  _HALT                                 
0     000848d7  _HIB                                  
0     000836c3  _I2CA_FIFO_ISR                        
0     000836b9  _I2CA_ISR                             
0     000836d7  _I2CB_FIFO_ISR                        
0     000836cd  _I2CB_ISR                             
1     00007300  _I2caRegs                             
1     00007340  _I2cbRegs                             
0     000848b2  _IDLE                                 
0     00083461  _ILLEGAL_ISR                          
0     00083835  _IPC0_ISR                             
0     0008383f  _IPC1_ISR                             
0     00083849  _IPC2_ISR                             
0     00083853  _IPC3_ISR                             
1     0000c024  _IdRef_run                            
1     0000c018  _IdRef_start                          
0     000847ba  _InitAuxPll                           
0     000856d9  _InitDRV8301                          
0     00085682  _InitDRV8301Regs                      
0     00008154  _InitFlash_Bank0                      
0     00008179  _InitFlash_Bank1                      
0     0008502d  _InitGpio                             
0     00085277  _InitMotor1EPwmGpio                   
0     000852b5  _InitMotor1EQepGpio                   
0     000852df  _InitMotor1SpiGpio                    
0     00085331  _InitMotor1_DRV_Gpio                  
0     00085296  _InitMotor2EPwmGpio                   
0     000852ca  _InitMotor2EQepGpio                   
0     00085308  _InitMotor2SpiGpio                    
0     0008534e  _InitMotor2_DRV_Gpio                  
0     00084679  _InitPeripheralClocks                 
0     00086368  _InitPieCtrl                          
0     00086390  _InitPieVectTable                     
0     00085483  _InitSpiRegs_DRV830x                  
0     0008463c  _InitSysCtrl                          
0     0008536b  _InitSysCtrl1                         
0     00084731  _InitSysPll                           
1     00007900  _InputXbarRegs                        
0     0008655b  _IntDefaultHandler                    
0     0008557b  _IntDisable                           
0     000854e3  _IntEnable                            
0     00085600  _IntIFRClear                          
0     000854b3  _IntMasterDisable                     
0     000854ab  _IntMasterEnable                      
0     000854bb  _IntRegister                          
0     000854ce  _IntUnregister                        
1     0000c01a  _IsrTicker                            
1     0000c00c  _K1                                   
1     0000c008  _K2                                   
1     0000c004  _LedCnt                               
0     00083655  _MCBSPA_RX_ISR                        
0     0008365f  _MCBSPA_TX_ISR                        
0     00083669  _MCBSPB_RX_ISR                        
0     00083673  _MCBSPB_TX_ISR                        
1     00006000  _McbspaRegs                           
1     00006040  _McbspbRegs                           
1     0005f400  _MemCfgRegs                           
1     0005f500  _MemoryErrorRegs                      
0     0000819e  _MotorControlISR                      
0     00083457  _NMI_ISR                              
0     000839a0  _NOTUSED_ISR                          
1     00007060  _NmiIntruptRegs                       
1     0000c005  _OffsetCalCounter                     
1     00007a80  _OutputXbarRegs                       
0     00083989  _PIE_RESERVED_ISR                     
0     000853d8  _PWM_1ch_UpDwnCnt_CNF                 
0     00085439  _PWM_1ch_UpDwnCnt_CNF_noDB            
1     00000ce0  _PieCtrlRegs                          
1     00000d00  _PieVectTable                         
0     00090000  _PieVectTableInit                     
0     00082b7c  _PwmTripConfig                        
0     00083957  _RAM_ACCESS_VIOLATION_ISR             
0     00083943  _RAM_CORRECTABLE_ERROR_ISR            
0     00083443  _RTOS_ISR                             
0     000861de  _RamfuncsLoadEnd                      
abs   000001de  _RamfuncsLoadSize                     
0     00086000  _RamfuncsLoadStart                    
0     000081de  _RamfuncsRunEnd                       
abs   000001de  _RamfuncsRunSize                      
0     00008000  _RamfuncsRunStart                     
1     0005e608  _RomPrefetchRegs                      
1     0005f540  _RomWaitStateRegs                     
0     00083709  _SCIA_RX_ISR                          
0     00083713  _SCIA_TX_ISR                          
0     0008371d  _SCIB_RX_ISR                          
0     00083727  _SCIB_TX_ISR                          
0     000836e1  _SCIC_RX_ISR                          
0     000836eb  _SCIC_TX_ISR                          
0     000836f5  _SCID_RX_ISR                          
0     000836ff  _SCID_TX_ISR                          
0     000838ad  _SD1_ISR                              
0     000838b7  _SD2_ISR                              
0     0008362d  _SPIA_RX_ISR                          
0     00083637  _SPIA_TX_ISR                          
0     00083641  _SPIB_RX_ISR                          
0     0008364b  _SPIB_TX_ISR                          
0     000838c1  _SPIC_RX_ISR                          
0     000838cb  _SPIC_TX_ISR                          
0     00085aae  _SPI_Driver                           
0     000848bb  _STANDBY                              
0     00083961  _SYS_PLL_SLIP_ISR                     
1     00007200  _SciaRegs                             
1     00007210  _ScibRegs                             
1     00007220  _ScicRegs                             
1     00007230  _ScidRegs                             
1     00005e00  _Sdfm1Regs                            
1     00005e80  _Sdfm2Regs                            
1     0000c007  _SerialCommsTimer                     
0     00084715  _ServiceDog                           
1     00006100  _SpiaRegs                             
1     00006110  _SpibRegs                             
1     00006120  _SpicRegs                             
1     00007940  _SyncSocRegs                          
0     00084d40  _SysCtlAuxClockSet                    
0     00084c2c  _SysCtlClockGet                       
0     00084c8e  _SysCtlClockSet                       
0     000081da  _SysCtlDelay                          
0     00084c77  _SysCtlLowSpeedClockGet               
0     00084c05  _SysCtlPeripheralDisable              
0     00084be9  _SysCtlPeripheralEnable               
0     00084b61  _SysCtlPeripheralPresent              
0     00084b82  _SysCtlPeripheralReady                
0     00084bbb  _SysCtlPeripheralReset                
0     00084c22  _SysCtlReset                          
0     00084dd3  _SysCtlUSBPLLDisable                  
0     00084dd2  _SysCtlUSBPLLEnable                   
0     00084872  _SysIntOsc1Sel                        
0     0008487c  _SysIntOsc2Sel                        
0     00084886  _SysXtalOscSel                        
0     0008351f  _TIMER0_ISR                           
0     00083425  _TIMER1_ISR                           
0     0008342f  _TIMER2_ISR                           
0     000844ef  _UARTBusy                             
0     000844b7  _UARTCharGet                          
0     00084492  _UARTCharGetNonBlocking               
0     000844e2  _UARTCharPut                          
0     000844cf  _UARTCharPutNonBlocking               
0     0008445b  _UARTCharsAvail                       
0     000843dd  _UARTConfigGetExpClk                  
0     000843a6  _UARTConfigSetExpClk                  
0     0008440b  _UARTDisable                          
0     00084401  _UARTEnable                           
0     00084438  _UARTFIFODisable                      
0     0008442f  _UARTFIFOEnable                       
0     00084378  _UARTFIFOIntLevelGet                  
0     0008435e  _UARTFIFOIntLevelSet                  
0     0008438e  _UARTFIFOLevelGet                     
0     000845f3  _UARTIntClear                         
0     0008458d  _UARTIntDisable                       
0     0008455c  _UARTIntEnable                        
0     000845c3  _UARTIntStatus                        
0     00084355  _UARTParityModeGet                    
0     0008434b  _UARTParityModeSet                    
0     00084500  _UARTRXIntRegister                    
0     00084530  _UARTRXIntUnregister                  
0     00084626  _UARTRxErrorClear                     
0     00084620  _UARTRxErrorGet                       
0     00084481  _UARTSpaceAvail                       
0     00084518  _UARTTXIntRegister                    
0     00084546  _UARTTXIntUnregister                  
0     00084451  _UARTTxIntModeGet                     
0     00084441  _UARTTxIntModeSet                     
0     0008441e  _UARTsetLoopBack                      
0     000838d5  _UPPA_ISR                             
0     000838df  _USBA_ISR                             
0     000834c5  _USER10_ISR                           
0     000834cf  _USER11_ISR                           
0     000834d9  _USER12_ISR                           
0     0008346b  _USER1_ISR                            
0     00083475  _USER2_ISR                            
0     0008347f  _USER3_ISR                            
0     00083489  _USER4_ISR                            
0     00083493  _USER5_ISR                            
0     0008349d  _USER6_ISR                            
0     000834a7  _USER7_ISR                            
0     000834b1  _USER8_ISR                            
0     000834bb  _USER9_ISR                            
1     00006200  _UppRegs                              
0     00083817  _VCU_ISR                              
1     0000c02c  _VTimer0                              
1     0000c028  _VTimer1                              
1     0000c030  _VTimer2                              
0     00083529  _WAKE_ISR                             
1     00007000  _WdRegs                               
0     00083501  _XINT1_ISR                            
0     0008350b  _XINT2_ISR                            
0     000837f9  _XINT3_ISR                            
0     00083803  _XINT4_ISR                            
0     0008380d  _XINT5_ISR                            
1     00007920  _XbarRegs                             
1     00007070  _XintRegs                             
0     00086582  __Fapi_calculateOtpChecksum           
0     00086288  __Fapi_checkRegionForValue            
0     00086315  __Fapi_divideUnsignedLong             
0     000862ba  __Fapi_issueFsmCommand                
0     00085d88  __Fapi_loopRegionForValue             
0     0008654c  __Fapi_scaleCycleValues               
0     0008633f  __Fapi_setupSectorsForWrite           
1     00000780  __STACK_END                           
abs   00000380  __STACK_SIZE                          
1     0000a8e8  ___TI_cleanup_ptr                     
1     0000a8ea  ___TI_dtors_ptr                       
abs   ffffffff  ___binit__                            
abs   ffffffff  ___c_args__                           
0     00082000  ___cinit__                            
abs   ffffffff  ___etext__                            
abs   ffffffff  ___pinit__                            
abs   ffffffff  ___text__                             
0     000864da  __args_main                           
1     0000a8be  __lock                                
0     000865a0  __nop                                 
0     0008659c  __register_lock                       
0     00086598  __register_unlock                     
1     00000400  __stack                               
1     0000a8ec  __unlock                              
0     000864f3  _abort                                
1     0000c016  _adc_cal                              
0     00086538  _batterySupplyLow                     
0     00085f75  _c_int00                              
0     000840f9  _check_if_changed                     
0     00083b05  _close_tcp_connection                 
1     0000c026  _cntr1                                
0     000859f9  _control_steering                     
0     00084080  _decrement_servo                      
1     0000c080  _dlog_4ch1                            
0     000839e3  _enter_command_mode                   
0     00008000  _erase_bank_0_sector_h                
0     00085f20  _execute_config_mode_cmd              
0     000864f5  _exit                                 
0     00083a18  _exit_command_mode                    
0     00084183  _extract_calibration_data_from_string 
0     00083bde  _extract_config_mode_command          
0     00083bee  _extract_drive_command                
0     00083bce  _extract_state_change_command         
0     00084e39  _fsm_cyclic_config                    
0     00084ec7  _fsm_cyclic_error                     
0     00084e74  _fsm_cyclic_run                       
0     00084e30  _fsm_cyclic_stop                      
0     00085001  _fsm_exit_config                      
0     00085021  _fsm_exit_run                         
0     00084fce  _fsm_exit_stop                        
0     00084f48  _fsm_init_config                      
0     00084f79  _fsm_init_error                       
0     00084f58  _fsm_init_run                         
0     00084ef1  _fsm_init_stop                        
0     00084e13  _fsm_main_get_state                   
0     00084dd4  _fsm_main_init                        
0     00084e17  _fsm_main_run                         
0     00084ddd  _fsm_main_set_state                   
0     000842ed  _generate_distance_angle_factor       
0     00084282  _generate_middle_radius               
0     000840dd  _get_KI                               
0     000840c1  _get_KP                               
0     00084085  _get_angle_multiplier                 
0     0008423a  _get_left_wheel_factor                
0     0008409b  _get_potentiometer_left               
0     000840ac  _get_potentiometer_right              
0     000840b0  _get_potentiometer_zero               
0     000841f4  _get_right_wheel_factor               
0     000859e6  _get_servo_angle                      
0     0008408a  _get_time_angle_zero                  
0     0008650c  _hal_button_init                      
0     00086517  _hal_button_read                      
0     00086253  _hal_led_init                         
0     00086271  _hal_led_off                          
0     00086268  _hal_led_off_all                      
0     00086281  _hal_led_on                           
0     00086278  _hal_led_on_all                       
0     0008407b  _increment_servo                      
0     00085a64  _init_steering_control                
0     000839aa  _init_wifly                           
0     00082d12  _main                                 
0     0008646c  _memcpy                               
0     0008648a  _modf                                 
1     0000c240  _motor1                               
1     0000c0c0  _motor2                               
0     00083a8a  _open_tcp_connection                  
0     000080b7  _piController                         
1     0000c040  _posArray                             
1     0000c022  _posSlewRate                          
1     0000c003  _ptr1                                 
1     0000c000  _ptrMax                               
0     000840fd  _put_calibration_data_to_string       
0     00085933  _pwm_servo_init                       
0     00082c48  _ramper                               
0     00082c7a  _ramper_speed                         
0     0000811f  _rateLimiter                          
0     00083b86  _read_Command                         
0     00085fbb  _read_Flash                           
0     00082cc4  _refPosGen                            
0     00083d6d  _send_Char                            
0     00083d56  _send_Command                         
0     00083c3d  _send_config_mode_command             
0     00083d77  _send_drive_command                   
0     00083c98  _send_measurement_command             
0     00083c20  _send_state_change_command            
0     00085990  _servo_ramp                           
0     000840b4  _set_active_model_config              
0     000842d3  _set_axis_point                       
0     0008408f  _set_potentiometer_left               
0     0008409f  _set_potentiometer_right              
0     000859bd  _set_servo_angle                      
0     00085987  _set_servo_angle_ref                  
0     00084027  _set_steering_config_default          
0     0008400b  _set_steering_config_from_flash       
0     000842e0  _set_steering_point                   
0     0008405d  _set_time_angle_middle_usec           
0     00084041  _set_time_angle_min_usec              
1     0000c050  _steeringContr                        
0     00085e0a  _tan                                  
0     00083d52  _tcp_connected                        
0     00008026  _write_Flash                          
abs   ffffffff  binit                                 
0     00082000  cinit                                 
0     00080000  code_start                            
abs   ffffffff  etext                                 
abs   ffffffff  pinit                                 


GLOBAL SYMBOLS: SORTED BY Symbol Address 

page  address   name                                  
----  -------   ----                                  
0     00000ce0  _Cla1SoftIntRegs                      
0     00008000  _RamfuncsRunStart                     
0     00008000  _erase_bank_0_sector_h                
0     00008026  _write_Flash                          
0     000080b7  _piController                         
0     0000811f  _rateLimiter                          
0     00008154  _InitFlash_Bank0                      
0     00008179  _InitFlash_Bank1                      
0     0000819e  _MotorControlISR                      
0     000081d6  _F28x_usDelay                         
0     000081da  _SysCtlDelay                          
0     000081de  _RamfuncsRunEnd                       
0     00080000  code_start                            
0     00082000  ___cinit__                            
0     00082000  cinit                                 
0     00082b7c  _PwmTripConfig                        
0     00082bc0  _DMC1_Protection                      
0     00082c04  _DMC2_Protection                      
0     00082c48  _ramper                               
0     00082c7a  _ramper_speed                         
0     00082cc4  _refPosGen                            
0     00082cfb  _GPIO_TogglePin                       
0     00082d12  _main                                 
0     000832fc  _A0                                   
0     00083313  _B0                                   
0     00083329  _C0                                   
0     0008333f  _A1                                   
0     00083378  _A2                                   
0     000833b1  _A3                                   
0     000833b7  _B1                                   
0     000833cd  _B2                                   
0     000833e2  _B3                                   
0     000833ee  _C1                                   
0     0008340e  _C2                                   
0     00083418  _C3                                   
0     00083425  _TIMER1_ISR                           
0     0008342f  _TIMER2_ISR                           
0     00083439  _DATALOG_ISR                          
0     00083443  _RTOS_ISR                             
0     0008344d  _EMU_ISR                              
0     00083457  _NMI_ISR                              
0     00083461  _ILLEGAL_ISR                          
0     0008346b  _USER1_ISR                            
0     00083475  _USER2_ISR                            
0     0008347f  _USER3_ISR                            
0     00083489  _USER4_ISR                            
0     00083493  _USER5_ISR                            
0     0008349d  _USER6_ISR                            
0     000834a7  _USER7_ISR                            
0     000834b1  _USER8_ISR                            
0     000834bb  _USER9_ISR                            
0     000834c5  _USER10_ISR                           
0     000834cf  _USER11_ISR                           
0     000834d9  _USER12_ISR                           
0     000834e3  _ADCA1_ISR                            
0     000834ed  _ADCB1_ISR                            
0     000834f7  _ADCC1_ISR                            
0     00083501  _XINT1_ISR                            
0     0008350b  _XINT2_ISR                            
0     00083515  _ADCD1_ISR                            
0     0008351f  _TIMER0_ISR                           
0     00083529  _WAKE_ISR                             
0     00083533  _EPWM1_TZ_ISR                         
0     0008353d  _EPWM2_TZ_ISR                         
0     00083547  _EPWM3_TZ_ISR                         
0     00083551  _EPWM4_TZ_ISR                         
0     0008355b  _EPWM5_TZ_ISR                         
0     00083565  _EPWM6_TZ_ISR                         
0     0008356f  _EPWM7_TZ_ISR                         
0     00083579  _EPWM8_TZ_ISR                         
0     00083583  _EPWM1_ISR                            
0     0008358d  _EPWM2_ISR                            
0     00083597  _EPWM3_ISR                            
0     000835a1  _EPWM4_ISR                            
0     000835ab  _EPWM5_ISR                            
0     000835b5  _EPWM6_ISR                            
0     000835bf  _EPWM7_ISR                            
0     000835c9  _EPWM8_ISR                            
0     000835d3  _ECAP1_ISR                            
0     000835dd  _ECAP2_ISR                            
0     000835e7  _ECAP3_ISR                            
0     000835f1  _ECAP4_ISR                            
0     000835fb  _ECAP5_ISR                            
0     00083605  _ECAP6_ISR                            
0     0008360f  _EQEP1_ISR                            
0     00083619  _EQEP2_ISR                            
0     00083623  _EQEP3_ISR                            
0     0008362d  _SPIA_RX_ISR                          
0     00083637  _SPIA_TX_ISR                          
0     00083641  _SPIB_RX_ISR                          
0     0008364b  _SPIB_TX_ISR                          
0     00083655  _MCBSPA_RX_ISR                        
0     0008365f  _MCBSPA_TX_ISR                        
0     00083669  _MCBSPB_RX_ISR                        
0     00083673  _MCBSPB_TX_ISR                        
0     0008367d  _DMA_CH1_ISR                          
0     00083687  _DMA_CH2_ISR                          
0     00083691  _DMA_CH3_ISR                          
0     0008369b  _DMA_CH4_ISR                          
0     000836a5  _DMA_CH5_ISR                          
0     000836af  _DMA_CH6_ISR                          
0     000836b9  _I2CA_ISR                             
0     000836c3  _I2CA_FIFO_ISR                        
0     000836cd  _I2CB_ISR                             
[...]
0     00084027  _set_steering_config_default          
0     00084041  _set_time_angle_min_usec              
0     0008405d  _set_time_angle_middle_usec           
0     0008407b  _increment_servo                      
0     00084080  _decrement_servo                      
0     00084085  _get_angle_multiplier                 
0     0008408a  _get_time_angle_zero                  
0     0008408f  _set_potentiometer_left               
0     0008409b  _get_potentiometer_left               
0     0008409f  _set_potentiometer_right              
0     000840ac  _get_potentiometer_right              
0     000840b0  _get_potentiometer_zero               
0     000840b4  _set_active_model_config              
0     000840c1  _get_KP                               
0     000840dd  _get_KI                               
0     000840f9  _check_if_changed                     
0     000840fd  _put_calibration_data_to_string       
0     00084183  _extract_calibration_data_from_string 
0     000841f4  _get_right_wheel_factor               
0     0008423a  _get_left_wheel_factor                
0     00084282  _generate_middle_radius               
0     000842d3  _set_axis_point                       
0     000842e0  _set_steering_point                   
0     000842ed  _generate_distance_angle_factor       
0     0008434b  _UARTParityModeSet                    
0     00084355  _UARTParityModeGet                    
0     0008435e  _UARTFIFOIntLevelSet                  
0     00084378  _UARTFIFOIntLevelGet                  
0     0008438e  _UARTFIFOLevelGet                     
0     000843a6  _UARTConfigSetExpClk                  
0     000843dd  _UARTConfigGetExpClk                  
0     00084401  _UARTEnable                           
0     0008440b  _UARTDisable                          
0     0008441e  _UARTsetLoopBack                      
0     0008442f  _UARTFIFOEnable                       
0     00084438  _UARTFIFODisable                      
0     00084441  _UARTTxIntModeSet                     
0     00084451  _UARTTxIntModeGet                     
0     0008445b  _UARTCharsAvail                       
0     00084481  _UARTSpaceAvail                       
0     00084492  _UARTCharGetNonBlocking               
0     000844b7  _UARTCharGet                          
0     000844cf  _UARTCharPutNonBlocking               
0     000844e2  _UARTCharPut                          
0     000844ef  _UARTBusy                             
0     00084500  _UARTRXIntRegister                    
0     00084518  _UARTTXIntRegister                    
0     00084530  _UARTRXIntUnregister                  
0     00084546  _UARTTXIntUnregister                  
0     0008455c  _UARTIntEnable                        
0     0008458d  _UARTIntDisable                       
0     000845c3  _UARTIntStatus                        
0     000845f3  _UARTIntClear                         
0     00084620  _UARTRxErrorGet                       
0     00084626  _UARTRxErrorClear                     
0     0008463c  _InitSysCtrl                          
0     00084679  _InitPeripheralClocks                 
0     000846fd  _DisablePeripheralClocks              
0     00084715  _ServiceDog                           
0     00084723  _DisableDog                           
0     00084731  _InitSysPll                           
0     000847ba  _InitAuxPll                           
0     00084851  _CsmUnlock                            
0     00084872  _SysIntOsc1Sel                        
0     0008487c  _SysIntOsc2Sel                        
0     00084886  _SysXtalOscSel                        
0     00084892  _AuxIntOsc2Sel                        
0     0008489c  _AuxXtalOscSel                        
0     000848a8  _AuxAuxClkSel                         
0     000848b2  _IDLE                                 
0     000848bb  _STANDBY                              
0     000848c6  _HALT                                 
0     000848d7  _HIB                                  
0     00084b61  _SysCtlPeripheralPresent              
0     00084b82  _SysCtlPeripheralReady                
0     00084bbb  _SysCtlPeripheralReset                
0     00084be9  _SysCtlPeripheralEnable               
0     00084c05  _SysCtlPeripheralDisable              
0     00084c22  _SysCtlReset                          
0     00084c2c  _SysCtlClockGet                       
0     00084c77  _SysCtlLowSpeedClockGet               
0     00084c8e  _SysCtlClockSet                       
0     00084d40  _SysCtlAuxClockSet                    
0     00084dd2  _SysCtlUSBPLLEnable                   
0     00084dd3  _SysCtlUSBPLLDisable                  
0     00084dd4  _fsm_main_init                        
0     00084ddd  _fsm_main_set_state                   
0     00084e13  _fsm_main_get_state                   
0     00084e17  _fsm_main_run                         
0     00084e30  _fsm_cyclic_stop                      
0     00084e39  _fsm_cyclic_config                    
0     00084e74  _fsm_cyclic_run                       
0     00084ec7  _fsm_cyclic_error                     
0     00084ef1  _fsm_init_stop                        
0     00084f48  _fsm_init_config                      
0     00084f58  _fsm_init_run                         
0     00084f79  _fsm_init_error                       
0     00084fce  _fsm_exit_stop                        
0     00085001  _fsm_exit_config                      
0     00085021  _fsm_exit_run                         
0     0008502d  _InitGpio                             
0     00085071  _GPIO_SetupPinMux                     
0     000850ff  _GPIO_SetupPinOptions                 
0     00085193  _GPIO_SetupLock                       
0     000851bc  _GPIO_SetupXINT1Gpio                  
0     000851c6  _GPIO_SetupXINT2Gpio                  
0     000851d0  _GPIO_SetupXINT3Gpio                  
0     000851da  _GPIO_SetupXINT4Gpio                  
0     000851e4  _GPIO_SetupXINT5Gpio                  
0     000851ee  _GPIO_EnableUnbondedIOPullupsFor176Pin
0     00085207  _GPIO_EnableUnbondedIOPullupsFor100Pin
0     0008522c  _GPIO_EnableUnbondedIOPullups         
0     00085242  _GPIO_ReadPin                         
0     00085259  _GPIO_WritePin                        
0     00085277  _InitMotor1EPwmGpio                   
0     00085296  _InitMotor2EPwmGpio                   
0     000852b5  _InitMotor1EQepGpio                   
0     000852ca  _InitMotor2EQepGpio                   
0     000852df  _InitMotor1SpiGpio                    
0     00085308  _InitMotor2SpiGpio                    
0     00085331  _InitMotor1_DRV_Gpio                  
0     0008534e  _InitMotor2_DRV_Gpio                  
0     0008536b  _InitSysCtrl1                         
0     000853a8  _ConfigureADC                         
0     000853d8  _PWM_1ch_UpDwnCnt_CNF                 
0     00085439  _PWM_1ch_UpDwnCnt_CNF_noDB            
0     00085483  _InitSpiRegs_DRV830x                  
0     000854ab  _IntMasterEnable                      
0     000854b3  _IntMasterDisable                     
0     000854bb  _IntRegister                          
0     000854ce  _IntUnregister                        
0     000854e3  _IntEnable                            
0     0008557b  _IntDisable                           
0     00085600  _IntIFRClear                          
0     00085682  _InitDRV8301Regs                      
0     000856d9  _InitDRV8301                          
0     00085759  _DRV8301_diagnostics                  
0     0008577a  _AdcSetMode                           
0     0008581d  _CalAdcINL                            
0     00085857  _DLOG_4CH_F_init                      
0     00085893  _DLOG_4CH_F_FUNC                      
0     00085933  _pwm_servo_init                       
0     00085987  _set_servo_angle_ref                  
0     00085990  _servo_ramp                           
0     000859bd  _set_servo_angle                      
0     000859e6  _get_servo_angle                      
0     000859f9  _control_steering                     
0     00085a64  _init_steering_control                
0     00085aae  _SPI_Driver                           
0     00085ac7  _DRV8305_SPI_Read                     
0     00085ae1  _DRV8305_SPI_Write                    
0     00085b07  _DRV8301_SPI_Read                     
0     00085b30  _DRV8301_SPI_Write                    
0     00085b56  FD$$ADD                               
0     00085bf2  FD$$DIV                               
0     00085c7d  FS$$DIV                               
0     00085d05  FD$$MPY                               
0     00085d88  __Fapi_loopRegionForValue             
0     00085e0a  _tan                                  
0     00085e6c  _Fapi_initializeAPI                   
0     00085ecb  _Fapi_setupEepromSectorEnable         
0     00085f20  _execute_config_mode_cmd              
0     00085f75  _c_int00                              
0     00085fbb  _read_Flash                           
0     00085ffd  _Fapi_serviceWatchdogTimer            
0     00086000  _RamfuncsLoadStart                    
0     000861de  _RamfuncsLoadEnd                      
0     000861e0  _Fapi_doBlankCheck                    
0     0008621d  _Fapi_isAddressEcc                    
0     00086253  _hal_led_init                         
0     00086268  _hal_led_off_all                      
0     00086271  _hal_led_off                          
0     00086278  _hal_led_on_all                       
0     00086281  _hal_led_on                           
0     00086288  __Fapi_checkRegionForValue            
0     000862ba  __Fapi_issueFsmCommand                
0     000862e9  _Fapi_calculateFletcherChecksum       
0     00086315  __Fapi_divideUnsignedLong             
0     0008633f  __Fapi_setupSectorsForWrite           
0     00086368  _InitPieCtrl                          
0     00086387  _EnableInterrupts                     
0     00086390  _InitPieVectTable                     
0     000863b8  _Fapi_flushPipeline                   
0     000863de  _Fapi_setActiveFlashBank              
0     00086404  _Fapi_setupBankSectorEnable           
0     00086429  _Fapi_issueAsyncCommandWithAddress    
0     0008644d  FD$$TOL                               
0     0008646c  _memcpy                               
0     0008648a  _modf                                 
0     000864a6  _Fapi_doVerify                        
0     000864c0  _Fapi_waitDelay                       
0     000864da  __args_main                           
0     000864f3  C$$EXIT                               
0     000864f3  _abort                                
0     000864f5  _exit                                 
0     0008650c  _hal_button_init                      
0     00086517  _hal_button_read                      
0     00086522  UL$$TOFD                              
0     00086538  _batterySupplyLow                     
0     0008654c  __Fapi_scaleCycleValues               
0     0008655b  _IntDefaultHandler                    
0     00086569  FD$$SUB                               
0     00086577  _Fapi_checkFsmForReady                
0     00086582  __Fapi_calculateOtpChecksum           
0     0008658d  U$$DIV                                
0     00086592  U$$MOD                                
0     00086598  __register_unlock                     
0     0008659c  __register_lock                       
0     000865a0  __nop                                 
0     000865a9  _Fapi_getFsmStatus                    
0     00090000  _PieVectTableInit                     
1     00000400  __stack                               
1     00000780  __STACK_END                           
1     00000b00  _AdcaResultRegs                       
1     00000b20  _AdcbResultRegs                       
1     00000b40  _AdccResultRegs                       
1     00000b60  _AdcdResultRegs                       
1     00000c00  _CpuTimer0Regs                        
1     00000c08  _CpuTimer1Regs                        
1     00000c10  _CpuTimer2Regs                        
1     00000ce0  _PieCtrlRegs                          
1     00000d00  _EmuKey                               
1     00000d00  _PieVectTable                         
1     00000d01  _EmuBMode                             
1     00001000  _DmaRegs                              
1     00001400  _Cla1Regs                             
1     00004000  _EPwm1Regs                            
1     00004100  _EPwm2Regs                            
1     00004200  _EPwm3Regs                            
1     00004300  _EPwm4Regs                            
1     00004400  _EPwm5Regs                            
1     00004500  _EPwm6Regs                            
1     00004600  _EPwm7Regs                            
1     00004700  _EPwm8Regs                            
1     00004800  _EPwm9Regs                            
1     00004900  _EPwm10Regs                           
1     00004a00  _EPwm11Regs                           
1     00004b00  _EPwm12Regs                           
1     00005000  _ECap1Regs                            
1     00005020  _ECap2Regs                            
1     00005040  _ECap3Regs                            
1     00005060  _ECap4Regs                            
1     00005080  _ECap5Regs                            
1     000050a0  _ECap6Regs                            
1     00005100  _EQep1Regs                            
1     00005140  _EQep2Regs                            
1     00005180  _EQep3Regs                            
1     00005c00  _DacaRegs                             
1     00005c10  _DacbRegs                             
1     00005c20  _DaccRegs                             
1     00005c80  _Cmpss1Regs                           
1     00005ca0  _Cmpss2Regs                           
1     00005cc0  _Cmpss3Regs                           
1     00005ce0  _Cmpss4Regs                           
1     00005d00  _Cmpss5Regs                           
1     00005d20  _Cmpss6Regs                           
1     00005d40  _Cmpss7Regs                           
1     00005d60  _Cmpss8Regs                           
1     00005e00  _Sdfm1Regs                            
1     00005e80  _Sdfm2Regs                            
1     00006000  _McbspaRegs                           
1     00006040  _McbspbRegs                           
1     00006100  _SpiaRegs                             
1     00006110  _SpibRegs                             
1     00006120  _SpicRegs                             
1     00006200  _UppRegs                              
1     00007000  _WdRegs                               
1     00007060  _NmiIntruptRegs                       
1     00007070  _XintRegs                             
1     00007200  _SciaRegs                             
1     00007210  _ScibRegs                             
1     00007220  _ScicRegs                             
1     00007230  _ScidRegs                             
1     00007300  _I2caRegs                             
1     00007340  _I2cbRegs                             
1     00007400  _AdcaRegs                             
1     00007480  _AdcbRegs                             
1     00007500  _AdccRegs                             
1     00007580  _AdcdRegs                             
1     00007900  _InputXbarRegs                        
1     00007920  _XbarRegs                             
1     00007940  _SyncSocRegs                          
1     00007980  _DmaClaSrcSelRegs                     
1     00007a00  _EPwmXbarRegs                         
1     00007a80  _OutputXbarRegs                       
1     00007c00  _GpioCtrlRegs                         
1     00007f00  _GpioDataRegs                         
1     0000a8be  __lock                                
1     0000a8d2  _Fapi_GlobalInit                      
1     0000a8e8  ___TI_cleanup_ptr                     
1     0000a8ea  ___TI_dtors_ptr                       
1     0000a8ec  __unlock                              
1     0000c000  _ptrMax                               
1     0000c001  _BackTicker                           
1     0000c002  _DRV_RESET                            
1     0000c003  _ptr1                                 
1     0000c004  _LedCnt                               
1     0000c005  _OffsetCalCounter                     
1     0000c006  _EnableFlag                           
1     0000c007  _SerialCommsTimer                     
1     0000c008  _K2                                   
1     0000c00a  _DlogCh1                              
1     0000c00c  _K1                                   
1     0000c00e  _DlogCh3                              
1     0000c010  _DlogCh2                              
1     0000c012  _B_Task_Ptr                           
1     0000c014  _A_Task_Ptr                           
1     0000c016  _adc_cal                              
1     0000c018  _IdRef_start                          
1     0000c01a  _IsrTicker                            
1     0000c01c  _C_Task_Ptr                           
1     0000c01e  _Alpha_State_Ptr                      
1     0000c020  _DlogCh4                              
1     0000c022  _posSlewRate                          
1     0000c024  _IdRef_run                            
1     0000c026  _cntr1                                
1     0000c028  _VTimer1                              
1     0000c02c  _VTimer0                              
1     0000c030  _VTimer2                              
1     0000c040  _posArray                             
1     0000c050  _steeringContr                        
1     0000c080  _dlog_4ch1                            
1     0000c0c0  _motor2                               
1     0000c240  _motor1                               
1     0000c3c0  _DBUFF_4CH2                           
1     0000c580  _DBUFF_4CH1                           
1     0000c740  _DBUFF_4CH4                           
1     0000c900  _DBUFF_4CH3                           
1     00047000  _Emif1Regs                            
1     00047800  _Emif2Regs                            
1     00050024  _FlashPumpSemaphoreRegs               
1     0005d000  _DevCfgRegs                           
1     0005d180  _AnalogSubsysRegs                     
1     0005d200  _ClkCfgRegs                           
1     0005d300  _CpuSysRegs                           
1     0005e608  _RomPrefetchRegs                      
1     0005f000  _DcsmZ1Regs                           
1     0005f040  _DcsmZ2Regs                           
1     0005f070  _DcsmCommonRegs                       
1     0005f400  _MemCfgRegs                           
1     0005f480  _Emif1ConfigRegs                      
1     0005f4a0  _Emif2ConfigRegs                      
1     0005f4c0  _AccessProtectionRegs                 
1     0005f500  _MemoryErrorRegs                      
1     0005f540  _RomWaitStateRegs                     
1     0005f800  _Flash0CtrlRegs                       
1     0005fb00  _Flash0EccRegs                        
1     0005fc00  _Flash1CtrlRegs                       
1     0005ff00  _Flash1EccRegs                        
1     00078000  _DcsmZ1Otp                            
1     00078200  _DcsmZ2Otp                            
abs   000001de  _RamfuncsLoadSize                     
abs   000001de  _RamfuncsRunSize                      
abs   00000380  __STACK_SIZE                          
abs   ffffffff  .text                                 
abs   ffffffff  ___binit__                            
abs   ffffffff  ___c_args__                           
abs   ffffffff  ___etext__                            
abs   ffffffff  ___pinit__                            
abs   ffffffff  ___text__                             
abs   ffffffff  binit                                 
abs   ffffffff  etext                                 
abs   ffffffff  pinit                                 

[557 symbols]
