<?xml version="1.0"?>
<link_info>
   <banner>TMS320C2000 Linker PC v6.4.2</banner>
   <copyright>Copyright (c) 1996-2015 Texas Instruments Incorporated</copyright>
   <link_time>0x5a3270ad</link_time>
   <link_errors>0x0</link_errors>
   <output_file>DiffDrive_v0.93.out</output_file>
   <entry_point>
      <name>code_start</name>
      <address>0x80000</address>
   </entry_point>
   <input_file_list>
      <input_file id="fl-2">
         <path>.\</path>
         <kind>object</kind>
         <file>DiffDrive.obj</file>
         <name>DiffDrive.obj</name>
      </input_file>
      <input_file id="fl-3">
         <path>.\</path>
         <kind>object</kind>
         <file>DLOG_4CH_F.obj</file>
         <name>DLOG_4CH_F.obj</name>
      </input_file>
      <input_file id="fl-4">
         <path>.\</path>
         <kind>object</kind>
         <file>Motor_ctrl.obj</file>
         <name>Motor_ctrl.obj</name>
      </input_file>
      <input_file id="fl-5">
         <path>.\</path>
         <kind>object</kind>
         <file>config.obj</file>
         <name>config.obj</name>
      </input_file>
      <input_file id="fl-6">
         <path>.\</path>
         <kind>object</kind>
         <file>power_limits.obj</file>
         <name>power_limits.obj</name>
      </input_file>
      <input_file id="fl-7">
         <path>.\</path>
         <kind>object</kind>
         <file>DRV830x_SPI.obj</file>
         <name>DRV830x_SPI.obj</name>
      </input_file>
      <input_file id="fl-8">
         <path>.\</path>
         <kind>object</kind>
         <file>drv8301.obj</file>
         <name>drv8301.obj</name>
      </input_file>
      <input_file id="fl-9">
         <path>.\</path>
         <kind>object</kind>
         <file>drv8305.obj</file>
         <name>drv8305.obj</name>
      </input_file>
      <input_file id="fl-a">
         <path>.\</path>
         <kind>object</kind>
         <file>F2837xS_Adc.obj</file>
         <name>F2837xS_Adc.obj</name>
      </input_file>
      <input_file id="fl-b">
         <path>.\</path>
         <kind>object</kind>
         <file>F2837xS_CodeStartBranch.obj</file>
         <name>F2837xS_CodeStartBranch.obj</name>
      </input_file>
      <input_file id="fl-c">
         <path>.\</path>
         <kind>object</kind>
         <file>F2837xS_DefaultISR.obj</file>
         <name>F2837xS_DefaultISR.obj</name>
      </input_file>
      <input_file id="fl-d">
         <path>.\</path>
         <kind>object</kind>
         <file>F2837xS_GlobalVariableDefs.obj</file>
         <name>F2837xS_GlobalVariableDefs.obj</name>
      </input_file>
      <input_file id="fl-e">
         <path>.\</path>
         <kind>object</kind>
         <file>F2837xS_Gpio.obj</file>
         <name>F2837xS_Gpio.obj</name>
      </input_file>
      <input_file id="fl-f">
         <path>.\</path>
         <kind>object</kind>
         <file>F2837xS_PieCtrl.obj</file>
         <name>F2837xS_PieCtrl.obj</name>
      </input_file>
      <input_file id="fl-10">
         <path>.\</path>
         <kind>object</kind>
         <file>F2837xS_PieVect.obj</file>
         <name>F2837xS_PieVect.obj</name>
      </input_file>
      <input_file id="fl-11">
         <path>.\</path>
         <kind>object</kind>
         <file>F2837xS_SysCtrl.obj</file>
         <name>F2837xS_SysCtrl.obj</name>
      </input_file>
      <input_file id="fl-12">
         <path>.\</path>
         <kind>object</kind>
         <file>F2837xS_sdfm_drivers.obj</file>
         <name>F2837xS_sdfm_drivers.obj</name>
      </input_file>
      <input_file id="fl-13">
         <path>.\</path>
         <kind>object</kind>
         <file>F2837xS_usDelay.obj</file>
         <name>F2837xS_usDelay.obj</name>
      </input_file>
      <input_file id="fl-14">
         <path>.\</path>
         <kind>object</kind>
         <file>interrupt.obj</file>
         <name>interrupt.obj</name>
      </input_file>
      <input_file id="fl-15">
         <path>.\</path>
         <kind>object</kind>
         <file>sysctl.obj</file>
         <name>sysctl.obj</name>
      </input_file>
      <input_file id="fl-16">
         <path>.\</path>
         <kind>object</kind>
         <file>uart.obj</file>
         <name>uart.obj</name>
      </input_file>
      <input_file id="fl-17">
         <path>.\</path>
         <kind>object</kind>
         <file>WiFly_Commands.obj</file>
         <name>WiFly_Commands.obj</name>
      </input_file>
      <input_file id="fl-18">
         <path>.\</path>
         <kind>object</kind>
         <file>config_mode_cmd.obj</file>
         <name>config_mode_cmd.obj</name>
      </input_file>
      <input_file id="fl-19">
         <path>.\</path>
         <kind>object</kind>
         <file>flash.obj</file>
         <name>flash.obj</name>
      </input_file>
      <input_file id="fl-1a">
         <path>.\</path>
         <kind>object</kind>
         <file>fsm_main.obj</file>
         <name>fsm_main.obj</name>
      </input_file>
      <input_file id="fl-1b">
         <path>.\</path>
         <kind>object</kind>
         <file>hal_button.obj</file>
         <name>hal_button.obj</name>
      </input_file>
      <input_file id="fl-1c">
         <path>.\</path>
         <kind>object</kind>
         <file>hal_led.obj</file>
         <name>hal_led.obj</name>
      </input_file>
      <input_file id="fl-1d">
         <path>.\</path>
         <kind>object</kind>
         <file>led_intern.obj</file>
         <name>led_intern.obj</name>
      </input_file>
      <input_file id="fl-1e">
         <path>.\</path>
         <kind>object</kind>
         <file>pwm_servo.obj</file>
         <name>pwm_servo.obj</name>
      </input_file>
      <input_file id="fl-1f">
         <path>.\</path>
         <kind>object</kind>
         <file>steering_config.obj</file>
         <name>steering_config.obj</name>
      </input_file>
      <input_file id="fl-20">
         <path>.\</path>
         <kind>object</kind>
         <file>steering_control.obj</file>
         <name>steering_control.obj</name>
      </input_file>
      <input_file id="fl-2e">
         <path>C:\ti\ccsv6\tools\compiler\ti-cgt-c2000_6.4.2\lib\</path>
         <kind>archive</kind>
         <file>rts2800_fpu32.lib</file>
         <name>boot.obj</name>
      </input_file>
      <input_file id="fl-2f">
         <path>C:\ti\ccsv6\tools\compiler\ti-cgt-c2000_6.4.2\lib\</path>
         <kind>archive</kind>
         <file>rts2800_fpu32.lib</file>
         <name>exit.obj</name>
      </input_file>
      <input_file id="fl-30">
         <path>C:\ti\ccsv6\tools\compiler\ti-cgt-c2000_6.4.2\lib\</path>
         <kind>archive</kind>
         <file>rts2800_fpu32.lib</file>
         <name>fd_div.obj</name>
      </input_file>
      <input_file id="fl-31">
         <path>C:\ti\ccsv6\tools\compiler\ti-cgt-c2000_6.4.2\lib\</path>
         <kind>archive</kind>
         <file>rts2800_fpu32.lib</file>
         <name>fd_mpy.obj</name>
      </input_file>
      <input_file id="fl-32">
         <path>C:\ti\ccsv6\tools\compiler\ti-cgt-c2000_6.4.2\lib\</path>
         <kind>archive</kind>
         <file>rts2800_fpu32.lib</file>
         <name>fd_sub.obj</name>
      </input_file>
      <input_file id="fl-33">
         <path>C:\ti\ccsv6\tools\compiler\ti-cgt-c2000_6.4.2\lib\</path>
         <kind>archive</kind>
         <file>rts2800_fpu32.lib</file>
         <name>fd_tol.obj</name>
      </input_file>
      <input_file id="fl-34">
         <path>C:\ti\ccsv6\tools\compiler\ti-cgt-c2000_6.4.2\lib\</path>
         <kind>archive</kind>
         <file>rts2800_fpu32.lib</file>
         <name>_lock.obj</name>
      </input_file>
      <input_file id="fl-35">
         <path>C:\ti\ccsv6\tools\compiler\ti-cgt-c2000_6.4.2\lib\</path>
         <kind>archive</kind>
         <file>rts2800_fpu32.lib</file>
         <name>memcpy.obj</name>
      </input_file>
      <input_file id="fl-36">
         <path>C:\ti\ccsv6\tools\compiler\ti-cgt-c2000_6.4.2\lib\</path>
         <kind>archive</kind>
         <file>rts2800_fpu32.lib</file>
         <name>modf.obj</name>
      </input_file>
      <input_file id="fl-37">
         <path>C:\ti\ccsv6\tools\compiler\ti-cgt-c2000_6.4.2\lib\</path>
         <kind>archive</kind>
         <file>rts2800_fpu32.lib</file>
         <name>tan.obj</name>
      </input_file>
      <input_file id="fl-38">
         <path>C:\ti\ccsv6\tools\compiler\ti-cgt-c2000_6.4.2\lib\</path>
         <kind>archive</kind>
         <file>rts2800_fpu32.lib</file>
         <name>u_div.obj</name>
      </input_file>
      <input_file id="fl-39">
         <path>C:\ti\ccsv6\tools\compiler\ti-cgt-c2000_6.4.2\lib\</path>
         <kind>archive</kind>
         <file>rts2800_fpu32.lib</file>
         <name>ul_tofd.obj</name>
      </input_file>
      <input_file id="fl-3a">
         <path>C:\ti\ccsv6\tools\compiler\ti-cgt-c2000_6.4.2\lib\</path>
         <kind>archive</kind>
         <file>rts2800_fpu32.lib</file>
         <name>args_main.obj</name>
      </input_file>
      <input_file id="fl-3b">
         <path>C:\ti\ccsv6\tools\compiler\ti-cgt-c2000_6.4.2\lib\</path>
         <kind>archive</kind>
         <file>rts2800_fpu32.lib</file>
         <name>fd_add.obj</name>
      </input_file>
      <input_file id="fl-3c">
         <path>C:\ti\ccsv6\tools\compiler\ti-cgt-c2000_6.4.2\lib\</path>
         <kind>archive</kind>
         <file>rts2800_fpu32.lib</file>
         <name>fs_div.obj</name>
      </input_file>
      <input_file id="fl-3d">
         <path>C:\ti\controlSUITE\device_support\F2837xS\v191\F2837xS_common\lib\</path>
         <kind>archive</kind>
         <file>F021_API_F2837xS_FPU32.lib</file>
         <name>FlashStateMachine.obj</name>
      </input_file>
      <input_file id="fl-3e">
         <path>C:\ti\controlSUITE\device_support\F2837xS\v191\F2837xS_common\lib\</path>
         <kind>archive</kind>
         <file>F021_API_F2837xS_FPU32.lib</file>
         <name>Program.obj</name>
      </input_file>
      <input_file id="fl-3f">
         <path>C:\ti\controlSUITE\device_support\F2837xS\v191\F2837xS_common\lib\</path>
         <kind>archive</kind>
         <file>F021_API_F2837xS_FPU32.lib</file>
         <name>FlashStateMachine.obj</name>
      </input_file>
      <input_file id="fl-40">
         <path>C:\ti\controlSUITE\device_support\F2837xS\v191\F2837xS_common\lib\</path>
         <kind>archive</kind>
         <file>F021_API_F2837xS_FPU32.lib</file>
         <name>Init.obj</name>
      </input_file>
      <input_file id="fl-41">
         <path>C:\ti\controlSUITE\device_support\F2837xS\v191\F2837xS_common\lib\</path>
         <kind>archive</kind>
         <file>F021_API_F2837xS_FPU32.lib</file>
         <name>Utilities.obj</name>
      </input_file>
      <input_file id="fl-42">
         <path>C:\ti\controlSUITE\device_support\F2837xS\v191\F2837xS_common\lib\</path>
         <kind>archive</kind>
         <file>F021_API_F2837xS_FPU32.lib</file>
         <name>BlankCheck.obj</name>
      </input_file>
      <input_file id="fl-43">
         <path>C:\ti\controlSUITE\device_support\F2837xS\v191\F2837xS_common\lib\</path>
         <kind>archive</kind>
         <file>F021_API_F2837xS_FPU32.lib</file>
         <name>Read.obj</name>
      </input_file>
      <input_file id="fl-44">
         <path>C:\ti\controlSUITE\device_support\F2837xS\v191\F2837xS_common\lib\</path>
         <kind>archive</kind>
         <file>F021_API_F2837xS_FPU32.lib</file>
         <name>Verify.obj</name>
      </input_file>
      <input_file id="fl-45">
         <path>C:\ti\controlSUITE\device_support\F2837xS\v191\F2837xS_common\lib\</path>
         <kind>archive</kind>
         <file>F021_API_F2837xS_FPU32.lib</file>
         <name>Async.obj</name>
      </input_file>
      <input_file id="fl-46">
         <path>C:\ti\controlSUITE\device_support\F2837xS\v191\F2837xS_common\lib\</path>
         <kind>archive</kind>
         <file>F021_API_F2837xS_FPU32.lib</file>
         <name>Fapi_UserDefinedFunctions.obj</name>
      </input_file>
   </input_file_list>
   <object_component_list>
      <object_component id="oc-79">
         <name>.cinit</name>
         <load_address>0x82000</load_address>
         <run_address>0x82000</run_address>
         <size>0x307</size>
         <input_file_ref idref="fl-2"/>
      </object_component>
      <object_component id="oc-148">
         <name>.cinit</name>
         <load_address>0x82307</load_address>
         <run_address>0x82307</run_address>
         <size>0x14</size>
         <input_file_ref idref="fl-17"/>
      </object_component>
      <object_component id="oc-18c">
         <name>.cinit</name>
         <load_address>0x8231b</load_address>
         <run_address>0x8231b</run_address>
         <size>0xa</size>
         <input_file_ref idref="fl-2f"/>
      </object_component>
      <object_component id="oc-21b">
         <name>.cinit:__lock</name>
         <load_address>0x82325</load_address>
         <run_address>0x82325</run_address>
         <size>0x5</size>
         <input_file_ref idref="fl-34"/>
      </object_component>
      <object_component id="oc-229">
         <name>.cinit:__unlock</name>
         <load_address>0x8232a</load_address>
         <run_address>0x8232a</run_address>
         <size>0x5</size>
         <input_file_ref idref="fl-34"/>
      </object_component>
      <object_component id="oc-155">
         <name>.cinit</name>
         <load_address>0x8232f</load_address>
         <run_address>0x8232f</run_address>
         <size>0x5</size>
         <input_file_ref idref="fl-19"/>
      </object_component>
      <object_component id="oc-172">
         <name>.cinit</name>
         <load_address>0x82334</load_address>
         <run_address>0x82334</run_address>
         <size>0x5</size>
         <input_file_ref idref="fl-1e"/>
      </object_component>
      <object_component id="oc-206">
         <name>.text</name>
         <load_address>0x82364</load_address>
         <run_address>0x82364</run_address>
         <size>0x1180</size>
         <input_file_ref idref="fl-2"/>
      </object_component>
      <object_component id="oc-ae">
         <name>.text:retain</name>
         <load_address>0x834e4</load_address>
         <run_address>0x834e4</run_address>
         <size>0x585</size>
         <input_file_ref idref="fl-c"/>
      </object_component>
      <object_component id="oc-212">
         <name>.text</name>
         <load_address>0x83a69</load_address>
         <run_address>0x83a69</run_address>
         <size>0x4b8</size>
         <input_file_ref idref="fl-17"/>
      </object_component>
      <object_component id="oc-21f">
         <name>.text</name>
         <load_address>0x83f21</load_address>
         <run_address>0x83f21</run_address>
         <size>0xdd</size>
         <input_file_ref idref="fl-a"/>
      </object_component>
      <object_component id="oc-23f">
         <name>.text:_Fapi_serviceWatchdogTimer</name>
         <load_address>0x83ffe</load_address>
         <run_address>0x83ffe</run_address>
         <size>0x2</size>
         <input_file_ref idref="fl-46"/>
      </object_component>
      <object_component id="oc-210">
         <name>.text</name>
         <load_address>0x84000</load_address>
         <run_address>0x84000</run_address>
         <size>0x34b</size>
         <input_file_ref idref="fl-1f"/>
      </object_component>
      <object_component id="oc-222">
         <name>.text</name>
         <load_address>0x8434b</load_address>
         <run_address>0x8434b</run_address>
         <size>0x2f1</size>
         <input_file_ref idref="fl-16"/>
      </object_component>
      <object_component id="oc-21c">
         <name>.text</name>
         <load_address>0x8463c</load_address>
         <run_address>0x8463c</run_address>
         <size>0x2af</size>
         <input_file_ref idref="fl-11"/>
      </object_component>
      <object_component id="oc-23a">
         <name>.text:__Fapi_setupFlashStateMachine</name>
         <load_address>0x848eb</load_address>
         <run_address>0x848eb</run_address>
         <size>0x276</size>
         <input_file_ref idref="fl-3f"/>
      </object_component>
      <object_component id="oc-211">
         <name>.text</name>
         <load_address>0x84b61</load_address>
         <run_address>0x84b61</run_address>
         <size>0x273</size>
         <input_file_ref idref="fl-15"/>
      </object_component>
      <object_component id="oc-217">
         <name>.text</name>
         <load_address>0x84dd4</load_address>
         <run_address>0x84dd4</run_address>
         <size>0x25b</size>
         <input_file_ref idref="fl-1a"/>
      </object_component>
      <object_component id="oc-20a">
         <name>.text</name>
         <load_address>0x8502f</load_address>
         <run_address>0x8502f</run_address>
         <size>0x24a</size>
         <input_file_ref idref="fl-e"/>
      </object_component>
      <object_component id="oc-20b">
         <name>.text</name>
         <load_address>0x85279</load_address>
         <run_address>0x85279</run_address>
         <size>0x234</size>
         <input_file_ref idref="fl-5"/>
      </object_component>
      <object_component id="oc-22b">
         <name>.text</name>
         <load_address>0x854ad</load_address>
         <run_address>0x854ad</run_address>
         <size>0x1d7</size>
         <input_file_ref idref="fl-14"/>
      </object_component>
      <object_component id="oc-230">
         <name>.text:_Fapi_issueProgrammingCommand</name>
         <load_address>0x85684</load_address>
         <run_address>0x85684</run_address>
         <size>0x19e</size>
         <input_file_ref idref="fl-3e"/>
      </object_component>
      <object_component id="oc-20e">
         <name>.text</name>
         <load_address>0x85822</load_address>
         <run_address>0x85822</run_address>
         <size>0xf8</size>
         <input_file_ref idref="fl-8"/>
      </object_component>
      <object_component id="oc-20f">
         <name>.text</name>
         <load_address>0x8591a</load_address>
         <run_address>0x8591a</run_address>
         <size>0xdc</size>
         <input_file_ref idref="fl-3"/>
      </object_component>
      <object_component id="oc-216">
         <name>.text</name>
         <load_address>0x859f6</load_address>
         <run_address>0x859f6</run_address>
         <size>0xc6</size>
         <input_file_ref idref="fl-1e"/>
      </object_component>
      <object_component id="oc-215">
         <name>.text</name>
         <load_address>0x85abc</load_address>
         <run_address>0x85abc</run_address>
         <size>0xb5</size>
         <input_file_ref idref="fl-20"/>
      </object_component>
      <object_component id="oc-218">
         <name>.text</name>
         <load_address>0x85b71</load_address>
         <run_address>0x85b71</run_address>
         <size>0xa8</size>
         <input_file_ref idref="fl-7"/>
      </object_component>
      <object_component id="oc-1c9">
         <name>.text</name>
         <load_address>0x85c19</load_address>
         <run_address>0x85c19</run_address>
         <size>0x9c</size>
         <input_file_ref idref="fl-3b"/>
      </object_component>
      <object_component id="oc-192">
         <name>.text</name>
         <load_address>0x85cb5</load_address>
         <run_address>0x85cb5</run_address>
         <size>0x8b</size>
         <input_file_ref idref="fl-30"/>
      </object_component>
      <object_component id="oc-1ce">
         <name>.text</name>
         <load_address>0x85d40</load_address>
         <run_address>0x85d40</run_address>
         <size>0x88</size>
         <input_file_ref idref="fl-3c"/>
      </object_component>
      <object_component id="oc-197">
         <name>.text</name>
         <load_address>0x85dc8</load_address>
         <run_address>0x85dc8</run_address>
         <size>0x83</size>
         <input_file_ref idref="fl-31"/>
      </object_component>
      <object_component id="oc-239">
         <name>.text:__Fapi_loopRegionForValue</name>
         <load_address>0x85e4b</load_address>
         <run_address>0x85e4b</run_address>
         <size>0x82</size>
         <input_file_ref idref="fl-43"/>
      </object_component>
      <object_component id="oc-221">
         <name>.text</name>
         <load_address>0x85ecd</load_address>
         <run_address>0x85ecd</run_address>
         <size>0x62</size>
         <input_file_ref idref="fl-37"/>
      </object_component>
      <object_component id="oc-232">
         <name>.text:_Fapi_initializeAPI</name>
         <load_address>0x85f2f</load_address>
         <run_address>0x85f2f</run_address>
         <size>0x5f</size>
         <input_file_ref idref="fl-40"/>
      </object_component>
      <object_component id="oc-23b">
         <name>.text:_Fapi_setupEepromSectorEnable</name>
         <load_address>0x85f8e</load_address>
         <run_address>0x85f8e</run_address>
         <size>0x55</size>
         <input_file_ref idref="fl-3f"/>
      </object_component>
      <object_component id="oc-209">
         <name>.text</name>
         <load_address>0x85fe3</load_address>
         <run_address>0x85fe3</run_address>
         <size>0x1c</size>
         <input_file_ref idref="fl-36"/>
      </object_component>
      <object_component id="oc-226">
         <name>.text</name>
         <load_address>0x86144</load_address>
         <run_address>0x86144</run_address>
         <size>0x55</size>
         <input_file_ref idref="fl-18"/>
      </object_component>
      <object_component id="oc-184">
         <name>.text</name>
         <load_address>0x86199</load_address>
         <run_address>0x86199</run_address>
         <size>0x46</size>
         <input_file_ref idref="fl-2e"/>
      </object_component>
      <object_component id="oc-220">
         <name>.text</name>
         <load_address>0x861df</load_address>
         <run_address>0x861df</run_address>
         <size>0x42</size>
         <input_file_ref idref="fl-19"/>
      </object_component>
      <object_component id="oc-22f">
         <name>.text:_Fapi_doBlankCheck</name>
         <load_address>0x86221</load_address>
         <run_address>0x86221</run_address>
         <size>0x3d</size>
         <input_file_ref idref="fl-42"/>
      </object_component>
      <object_component id="oc-23e">
         <name>.text:_Fapi_isAddressEcc</name>
         <load_address>0x8625e</load_address>
         <run_address>0x8625e</run_address>
         <size>0x36</size>
         <input_file_ref idref="fl-3d"/>
      </object_component>
      <object_component id="oc-213">
         <name>.text</name>
         <load_address>0x86294</load_address>
         <run_address>0x86294</run_address>
         <size>0x35</size>
         <input_file_ref idref="fl-1c"/>
      </object_component>
      <object_component id="oc-235">
         <name>.text:__Fapi_checkRegionForValue</name>
         <load_address>0x862c9</load_address>
         <run_address>0x862c9</run_address>
         <size>0x32</size>
         <input_file_ref idref="fl-43"/>
      </object_component>
      <object_component id="oc-236">
         <name>.text:__Fapi_issueFsmCommand</name>
         <load_address>0x862fb</load_address>
         <run_address>0x862fb</run_address>
         <size>0x2f</size>
         <input_file_ref idref="fl-3f"/>
      </object_component>
      <object_component id="oc-243">
         <name>.text:_Fapi_calculateFletcherChecksum</name>
         <load_address>0x8632a</load_address>
         <run_address>0x8632a</run_address>
         <size>0x2c</size>
         <input_file_ref idref="fl-41"/>
      </object_component>
      <object_component id="oc-240">
         <name>.text:__Fapi_divideUnsignedLong</name>
         <load_address>0x86356</load_address>
         <run_address>0x86356</run_address>
         <size>0x2a</size>
         <input_file_ref idref="fl-41"/>
      </object_component>
      <object_component id="oc-237">
         <name>.text:__Fapi_setupSectorsForWrite</name>
         <load_address>0x86380</load_address>
         <run_address>0x86380</run_address>
         <size>0x29</size>
         <input_file_ref idref="fl-3f"/>
      </object_component>
      <object_component id="oc-20c">
         <name>.text</name>
         <load_address>0x863a9</load_address>
         <run_address>0x863a9</run_address>
         <size>0x28</size>
         <input_file_ref idref="fl-f"/>
      </object_component>
      <object_component id="oc-20d">
         <name>.text</name>
         <load_address>0x863d1</load_address>
         <run_address>0x863d1</run_address>
         <size>0x28</size>
         <input_file_ref idref="fl-10"/>
      </object_component>
      <object_component id="oc-238">
         <name>.text:_Fapi_flushPipeline</name>
         <load_address>0x863f9</load_address>
         <run_address>0x863f9</run_address>
         <size>0x26</size>
         <input_file_ref idref="fl-43"/>
      </object_component>
      <object_component id="oc-233">
         <name>.text:_Fapi_setActiveFlashBank</name>
         <load_address>0x8641f</load_address>
         <run_address>0x8641f</run_address>
         <size>0x26</size>
         <input_file_ref idref="fl-3f"/>
      </object_component>
      <object_component id="oc-23c">
         <name>.text:_Fapi_setupBankSectorEnable</name>
         <load_address>0x86445</load_address>
         <run_address>0x86445</run_address>
         <size>0x25</size>
         <input_file_ref idref="fl-3f"/>
      </object_component>
      <object_component id="oc-22d">
         <name>.text:_Fapi_issueAsyncCommandWithAddress</name>
         <load_address>0x8646a</load_address>
         <run_address>0x8646a</run_address>
         <size>0x24</size>
         <input_file_ref idref="fl-45"/>
      </object_component>
      <object_component id="oc-1a1">
         <name>.text</name>
         <load_address>0x8648e</load_address>
         <run_address>0x8648e</run_address>
         <size>0x1f</size>
         <input_file_ref idref="fl-33"/>
      </object_component>
      <object_component id="oc-21d">
         <name>.text</name>
         <load_address>0x864ad</load_address>
         <run_address>0x864ad</run_address>
         <size>0x1e</size>
         <input_file_ref idref="fl-35"/>
      </object_component>
      <object_component id="oc-22a">
         <name>.text:_Fapi_doVerify</name>
         <load_address>0x864cb</load_address>
         <run_address>0x864cb</run_address>
         <size>0x1a</size>
         <input_file_ref idref="fl-44"/>
      </object_component>
      <object_component id="oc-23d">
         <name>.text:_Fapi_waitDelay</name>
         <load_address>0x864e5</load_address>
         <run_address>0x864e5</run_address>
         <size>0x1a</size>
         <input_file_ref idref="fl-41"/>
      </object_component>
      <object_component id="oc-207">
         <name>.text</name>
         <load_address>0x864ff</load_address>
         <run_address>0x864ff</run_address>
         <size>0x19</size>
         <input_file_ref idref="fl-3a"/>
      </object_component>
      <object_component id="oc-208">
         <name>.text</name>
         <load_address>0x86518</load_address>
         <run_address>0x86518</run_address>
         <size>0x19</size>
         <input_file_ref idref="fl-2f"/>
      </object_component>
      <object_component id="oc-214">
         <name>.text</name>
         <load_address>0x86531</load_address>
         <run_address>0x86531</run_address>
         <size>0x16</size>
         <input_file_ref idref="fl-1b"/>
      </object_component>
      <object_component id="oc-1bf">
         <name>.text</name>
         <load_address>0x86547</load_address>
         <run_address>0x86547</run_address>
         <size>0x16</size>
         <input_file_ref idref="fl-39"/>
      </object_component>
      <object_component id="oc-219">
         <name>.text</name>
         <load_address>0x8655d</load_address>
         <run_address>0x8655d</run_address>
         <size>0x14</size>
         <input_file_ref idref="fl-6"/>
      </object_component>
      <object_component id="oc-242">
         <name>.text:__Fapi_scaleCycleValues</name>
         <load_address>0x86571</load_address>
         <run_address>0x86571</run_address>
         <size>0xf</size>
         <input_file_ref idref="fl-41"/>
      </object_component>
      <object_component id="oc-137">
         <name>.text:retain</name>
         <load_address>0x86580</load_address>
         <run_address>0x86580</run_address>
         <size>0xe</size>
         <input_file_ref idref="fl-14"/>
      </object_component>
      <object_component id="oc-19c">
         <name>.text</name>
         <load_address>0x8658e</load_address>
         <run_address>0x8658e</run_address>
         <size>0xe</size>
         <input_file_ref idref="fl-32"/>
      </object_component>
      <object_component id="oc-22e">
         <name>.text:_Fapi_checkFsmForReady</name>
         <load_address>0x8659c</load_address>
         <run_address>0x8659c</run_address>
         <size>0xb</size>
         <input_file_ref idref="fl-3d"/>
      </object_component>
      <object_component id="oc-241">
         <name>.text:__Fapi_calculateOtpChecksum</name>
         <load_address>0x865a7</load_address>
         <run_address>0x865a7</run_address>
         <size>0xb</size>
         <input_file_ref idref="fl-41"/>
      </object_component>
      <object_component id="oc-1ba">
         <name>.text</name>
         <load_address>0x865b2</load_address>
         <run_address>0x865b2</run_address>
         <size>0xb</size>
         <input_file_ref idref="fl-38"/>
      </object_component>
      <object_component id="oc-228">
         <name>.text</name>
         <load_address>0x865bd</load_address>
         <run_address>0x865bd</run_address>
         <size>0x9</size>
         <input_file_ref idref="fl-34"/>
      </object_component>
      <object_component id="oc-a8">
         <name>.text</name>
         <load_address>0x865c6</load_address>
         <run_address>0x865c6</run_address>
         <size>0x8</size>
         <input_file_ref idref="fl-b"/>
      </object_component>
      <object_component id="oc-231">
         <name>.text:_Fapi_getFsmStatus</name>
         <load_address>0x865ce</load_address>
         <run_address>0x865ce</run_address>
         <size>0x7</size>
         <input_file_ref idref="fl-3f"/>
      </object_component>
      <object_component id="oc-77">
         <name>codestart</name>
         <load_address>0x80000</load_address>
         <run_address>0x80000</run_address>
         <size>0x2</size>
         <input_file_ref idref="fl-b"/>
      </object_component>
      <object_component id="oc-227">
         <name>ramfuncs</name>
         <load_address>0x86000</load_address>
         <run_address>0x8000</run_address>
         <size>0xb7</size>
         <input_file_ref idref="fl-19"/>
      </object_component>
      <object_component id="oc-21e">
         <name>ramfuncs</name>
         <load_address>0x860b7</load_address>
         <run_address>0x80b7</run_address>
         <size>0x4a</size>
         <input_file_ref idref="fl-11"/>
      </object_component>
      <object_component id="oc-7b">
         <name>ramfuncs:retain</name>
         <load_address>0x86101</load_address>
         <run_address>0x8101</run_address>
         <size>0x38</size>
         <input_file_ref idref="fl-2"/>
      </object_component>
      <object_component id="oc-131">
         <name>ramfuncs</name>
         <load_address>0x86139</load_address>
         <run_address>0x8139</run_address>
         <size>0x4</size>
         <input_file_ref idref="fl-13"/>
      </object_component>
      <object_component id="oc-13d">
         <name>ramfuncs</name>
         <load_address>0x8613d</load_address>
         <run_address>0x813d</run_address>
         <size>0x4</size>
         <input_file_ref idref="fl-15"/>
      </object_component>
      <object_component id="oc-185">
         <name>.stack</name>
         <uninitialized>true</uninitialized>
         <run_address>0x400</run_address>
         <size>0x0</size>
         <input_file_ref idref="fl-2e"/>
      </object_component>
      <object_component id="oc-2c1">
         <name>.stack</name>
         <uninitialized>true</uninitialized>
         <run_address>0x400</run_address>
         <size>0x0</size>
      </object_component>
      <object_component id="oc-149">
         <name>.ebss</name>
         <uninitialized>true</uninitialized>
         <run_address>0xa800</run_address>
         <size>0xa4</size>
         <input_file_ref idref="fl-17"/>
      </object_component>
      <object_component id="oc-156">
         <name>.ebss</name>
         <uninitialized>true</uninitialized>
         <run_address>0xa8a4</run_address>
         <size>0x19</size>
         <input_file_ref idref="fl-19"/>
      </object_component>
      <object_component id="oc-21a">
         <name>.ebss:__lock</name>
         <uninitialized>true</uninitialized>
         <run_address>0xa8be</run_address>
         <size>0x2</size>
         <input_file_ref idref="fl-34"/>
      </object_component>
      <object_component id="oc-17a">
         <name>.ebss</name>
         <uninitialized>true</uninitialized>
         <run_address>0xa8c0</run_address>
         <size>0x12</size>
         <input_file_ref idref="fl-1f"/>
      </object_component>
      <object_component id="oc-1e3">
         <name>.ebss</name>
         <uninitialized>true</uninitialized>
         <run_address>0xa8d2</run_address>
         <size>0xc</size>
         <input_file_ref idref="fl-40"/>
      </object_component>
      <object_component id="oc-173">
         <name>.ebss</name>
         <uninitialized>true</uninitialized>
         <run_address>0xa8de</run_address>
         <size>0xa</size>
         <input_file_ref idref="fl-1e"/>
      </object_component>
      <object_component id="oc-18d">
         <name>.ebss</name>
         <uninitialized>true</uninitialized>
         <run_address>0xa8e8</run_address>
         <size>0x4</size>
         <input_file_ref idref="fl-2f"/>
      </object_component>
      <object_component id="oc-234">
         <name>.ebss:__unlock</name>
         <uninitialized>true</uninitialized>
         <run_address>0xa8ec</run_address>
         <size>0x2</size>
         <input_file_ref idref="fl-34"/>
      </object_component>
      <object_component id="oc-15c">
         <name>.ebss</name>
         <uninitialized>true</uninitialized>
         <run_address>0xa8ee</run_address>
         <size>0x2</size>
         <input_file_ref idref="fl-1a"/>
      </object_component>
      <object_component id="oc-7a">
         <name>.ebss</name>
         <uninitialized>true</uninitialized>
         <run_address>0xc000</run_address>
         <size>0xa90</size>
         <input_file_ref idref="fl-2"/>
      </object_component>
      <object_component id="oc-122">
         <name>.econst</name>
         <load_address>0x90000</load_address>
         <run_address>0x90000</run_address>
         <size>0x1c0</size>
         <input_file_ref idref="fl-10"/>
      </object_component>
      <object_component id="oc-179">
         <name>.econst</name>
         <load_address>0x901c0</load_address>
         <run_address>0x901c0</run_address>
         <size>0x16</size>
         <input_file_ref idref="fl-1f"/>
      </object_component>
      <object_component id="oc-14a">
         <name>.econst</name>
         <load_address>0x901d6</load_address>
         <run_address>0x901d6</run_address>
         <size>0x14</size>
         <input_file_ref idref="fl-17"/>
      </object_component>
      <object_component id="oc-224">
         <name>.econst:.string:_$P$T1$2</name>
         <load_address>0x901ea</load_address>
         <run_address>0x901ea</run_address>
         <size>0x4</size>
         <input_file_ref idref="fl-17"/>
      </object_component>
      <object_component id="oc-225">
         <name>.econst:.string:_$P$T2$7</name>
         <load_address>0x901ee</load_address>
         <run_address>0x901ee</run_address>
         <size>0x4</size>
         <input_file_ref idref="fl-17"/>
      </object_component>
      <object_component id="oc-223">
         <name>.econst:.string:_$P$T0$1</name>
         <load_address>0x901f2</load_address>
         <run_address>0x901f2</run_address>
         <size>0x3</size>
         <input_file_ref idref="fl-17"/>
      </object_component>
      <object_component id="oc-15d">
         <name>.econst</name>
         <load_address>0x901f6</load_address>
         <run_address>0x901f6</run_address>
         <size>0x2</size>
         <input_file_ref idref="fl-1a"/>
      </object_component>
      <object_component id="oc-22c">
         <name>.switch:_execute_config_mode_cmd</name>
         <load_address>0x8233c</load_address>
         <run_address>0x8233c</run_address>
         <size>0x26</size>
         <input_file_ref idref="fl-18"/>
      </object_component>
      <object_component id="oc-186">
         <name>.reset</name>
         <load_address>0x3fffc0</load_address>
         <run_address>0x3fffc0</run_address>
         <size>0x2</size>
         <input_file_ref idref="fl-2e"/>
      </object_component>
      <object_component id="oc-115">
         <name>PieVectTableFile</name>
         <uninitialized>true</uninitialized>
         <run_address>0xd00</run_address>
         <size>0x1c0</size>
         <input_file_ref idref="fl-d"/>
      </object_component>
      <object_component id="oc-b4">
         <name>EmuKeyVar</name>
         <uninitialized>true</uninitialized>
         <run_address>0xd00</run_address>
         <size>0x1</size>
         <input_file_ref idref="fl-d"/>
      </object_component>
      <object_component id="oc-b5">
         <name>EmuBModeVar</name>
         <uninitialized>true</uninitialized>
         <run_address>0xd01</run_address>
         <size>0x1</size>
         <input_file_ref idref="fl-d"/>
      </object_component>
      <object_component id="oc-cc">
         <name>AdcaResultFile</name>
         <uninitialized>true</uninitialized>
         <run_address>0xb00</run_address>
         <size>0x18</size>
         <input_file_ref idref="fl-d"/>
      </object_component>
      <object_component id="oc-cb">
         <name>AdcbResultFile</name>
         <uninitialized>true</uninitialized>
         <run_address>0xb20</run_address>
         <size>0x18</size>
         <input_file_ref idref="fl-d"/>
      </object_component>
      <object_component id="oc-ce">
         <name>AdccResultFile</name>
         <uninitialized>true</uninitialized>
         <run_address>0xb40</run_address>
         <size>0x18</size>
         <input_file_ref idref="fl-d"/>
      </object_component>
      <object_component id="oc-cd">
         <name>AdcdResultFile</name>
         <uninitialized>true</uninitialized>
         <run_address>0xb60</run_address>
         <size>0x18</size>
         <input_file_ref idref="fl-d"/>
      </object_component>
      <object_component id="oc-fd">
         <name>AdcaRegsFile</name>
         <uninitialized>true</uninitialized>
         <run_address>0x7400</run_address>
         <size>0x80</size>
         <input_file_ref idref="fl-d"/>
      </object_component>
      <object_component id="oc-fc">
         <name>AdcbRegsFile</name>
         <uninitialized>true</uninitialized>
         <run_address>0x7480</run_address>
         <size>0x80</size>
         <input_file_ref idref="fl-d"/>
      </object_component>
      <object_component id="oc-ff">
         <name>AdccRegsFile</name>
         <uninitialized>true</uninitialized>
         <run_address>0x7500</run_address>
         <size>0x80</size>
         <input_file_ref idref="fl-d"/>
      </object_component>
      <object_component id="oc-fe">
         <name>AdcdRegsFile</name>
         <uninitialized>true</uninitialized>
         <run_address>0x7580</run_address>
         <size>0x80</size>
         <input_file_ref idref="fl-d"/>
      </object_component>
      <object_component id="oc-f9">
         <name>AnalogSubsysRegsFile</name>
         <uninitialized>true</uninitialized>
         <run_address>0x5d180</run_address>
         <size>0x48</size>
         <input_file_ref idref="fl-d"/>
      </object_component>
      <object_component id="oc-f3">
         <name>Cla1RegsFile</name>
         <uninitialized>true</uninitialized>
         <run_address>0x1400</run_address>
         <size>0x3e</size>
         <input_file_ref idref="fl-d"/>
      </object_component>
      <object_component id="oc-b9">
         <name>Cla1SoftIntRegsFile</name>
         <uninitialized>true</uninitialized>
         <run_address>0xce0</run_address>
         <size>0x4</size>
         <input_file_ref idref="fl-d"/>
      </object_component>
      <object_component id="oc-df">
         <name>Cmpss1RegsFile</name>
         <uninitialized>true</uninitialized>
         <run_address>0x5c80</run_address>
         <size>0x20</size>
         <input_file_ref idref="fl-d"/>
      </object_component>
      <object_component id="oc-de">
         <name>Cmpss2RegsFile</name>
         <uninitialized>true</uninitialized>
         <run_address>0x5ca0</run_address>
         <size>0x20</size>
         <input_file_ref idref="fl-d"/>
      </object_component>
      <object_component id="oc-e1">
         <name>Cmpss3RegsFile</name>
         <uninitialized>true</uninitialized>
         <run_address>0x5cc0</run_address>
         <size>0x20</size>
         <input_file_ref idref="fl-d"/>
      </object_component>
      <object_component id="oc-e0">
         <name>Cmpss4RegsFile</name>
         <uninitialized>true</uninitialized>
         <run_address>0x5ce0</run_address>
         <size>0x20</size>
         <input_file_ref idref="fl-d"/>
      </object_component>
      <object_component id="oc-e2">
         <name>Cmpss5RegsFile</name>
         <uninitialized>true</uninitialized>
         <run_address>0x5d00</run_address>
         <size>0x20</size>
         <input_file_ref idref="fl-d"/>
      </object_component>
      <object_component id="oc-da">
         <name>Cmpss6RegsFile</name>
         <uninitialized>true</uninitialized>
         <run_address>0x5d20</run_address>
         <size>0x20</size>
         <input_file_ref idref="fl-d"/>
      </object_component>
      <object_component id="oc-d9">
         <name>Cmpss7RegsFile</name>
         <uninitialized>true</uninitialized>
         <run_address>0x5d40</run_address>
         <size>0x20</size>
         <input_file_ref idref="fl-d"/>
      </object_component>
      <object_component id="oc-dc">
         <name>Cmpss8RegsFile</name>
         <uninitialized>true</uninitialized>
         <run_address>0x5d60</run_address>
         <size>0x20</size>
         <input_file_ref idref="fl-d"/>
      </object_component>
      <object_component id="oc-c0">
         <name>CpuTimer0RegsFile</name>
         <uninitialized>true</uninitialized>
         <run_address>0xc00</run_address>
         <size>0x8</size>
         <input_file_ref idref="fl-d"/>
      </object_component>
      <object_component id="oc-bf">
         <name>CpuTimer1RegsFile</name>
         <uninitialized>true</uninitialized>
         <run_address>0xc08</run_address>
         <size>0x8</size>
         <input_file_ref idref="fl-d"/>
      </object_component>
      <object_component id="oc-c2">
         <name>CpuTimer2RegsFile</name>
         <uninitialized>true</uninitialized>
         <run_address>0xc10</run_address>
         <size>0x8</size>
         <input_file_ref idref="fl-d"/>
      </object_component>
      <object_component id="oc-bc">
         <name>DacaRegsFile</name>
         <uninitialized>true</uninitialized>
         <run_address>0x5c00</run_address>
         <size>0x8</size>
         <input_file_ref idref="fl-d"/>
      </object_component>
      <object_component id="oc-be">
         <name>DacbRegsFile</name>
         <uninitialized>true</uninitialized>
         <run_address>0x5c10</run_address>
         <size>0x8</size>
         <input_file_ref idref="fl-d"/>
      </object_component>
      <object_component id="oc-c1">
         <name>DaccRegsFile</name>
         <uninitialized>true</uninitialized>
         <run_address>0x5c20</run_address>
         <size>0x8</size>
         <input_file_ref idref="fl-d"/>
      </object_component>
      <object_component id="oc-eb">
         <name>DcsmZ1RegsFile</name>
         <uninitialized>true</uninitialized>
         <run_address>0x5f000</run_address>
         <size>0x24</size>
         <input_file_ref idref="fl-d"/>
      </object_component>
      <object_component id="oc-ea">
         <name>DcsmZ2RegsFile</name>
         <uninitialized>true</uninitialized>
         <run_address>0x5f040</run_address>
         <size>0x24</size>
         <input_file_ref idref="fl-d"/>
      </object_component>
      <object_component id="oc-bd">
         <name>DcsmCommonRegsFile</name>
         <uninitialized>true</uninitialized>
         <run_address>0x5f070</run_address>
         <size>0x8</size>
         <input_file_ref idref="fl-d"/>
      </object_component>
      <object_component id="oc-db">
         <name>DcsmZ1OtpFile</name>
         <uninitialized>true</uninitialized>
         <run_address>0x78000</run_address>
         <size>0x20</size>
         <input_file_ref idref="fl-d"/>
      </object_component>
      <object_component id="oc-dd">
         <name>DcsmZ2OtpFile</name>
         <uninitialized>true</uninitialized>
         <run_address>0x78200</run_address>
         <size>0x20</size>
         <input_file_ref idref="fl-d"/>
      </object_component>
      <object_component id="oc-104">
         <name>DmaRegsFile</name>
         <uninitialized>true</uninitialized>
         <run_address>0x1000</run_address>
         <size>0xe0</size>
         <input_file_ref idref="fl-d"/>
      </object_component>
      <object_component id="oc-cf">
         <name>DmaClaSrcSelRegsFile</name>
         <uninitialized>true</uninitialized>
         <run_address>0x7980</run_address>
         <size>0x1a</size>
         <input_file_ref idref="fl-d"/>
      </object_component>
      <object_component id="oc-e3">
         <name>ECap1RegsFile</name>
         <uninitialized>true</uninitialized>
         <run_address>0x5000</run_address>
         <size>0x20</size>
         <input_file_ref idref="fl-d"/>
      </object_component>
      <object_component id="oc-e4">
         <name>ECap2RegsFile</name>
         <uninitialized>true</uninitialized>
         <run_address>0x5020</run_address>
         <size>0x20</size>
         <input_file_ref idref="fl-d"/>
      </object_component>
      <object_component id="oc-d8">
         <name>ECap3RegsFile</name>
         <uninitialized>true</uninitialized>
         <run_address>0x5040</run_address>
         <size>0x20</size>
         <input_file_ref idref="fl-d"/>
      </object_component>
      <object_component id="oc-d2">
         <name>ECap4RegsFile</name>
         <uninitialized>true</uninitialized>
         <run_address>0x5060</run_address>
         <size>0x20</size>
         <input_file_ref idref="fl-d"/>
      </object_component>
      <object_component id="oc-d3">
         <name>ECap5RegsFile</name>
         <uninitialized>true</uninitialized>
         <run_address>0x5080</run_address>
         <size>0x20</size>
         <input_file_ref idref="fl-d"/>
      </object_component>
      <object_component id="oc-d1">
         <name>ECap6RegsFile</name>
         <uninitialized>true</uninitialized>
         <run_address>0x50a0</run_address>
         <size>0x20</size>
         <input_file_ref idref="fl-d"/>
      </object_component>
      <object_component id="oc-fb">
         <name>Emif1RegsFile</name>
         <uninitialized>true</uninitialized>
         <run_address>0x47000</run_address>
         <size>0x70</size>
         <input_file_ref idref="fl-d"/>
      </object_component>
      <object_component id="oc-fa">
         <name>Emif2RegsFile</name>
         <uninitialized>true</uninitialized>
         <run_address>0x47800</run_address>
         <size>0x70</size>
         <input_file_ref idref="fl-d"/>
      </object_component>
      <object_component id="oc-109">
         <name>EPwm1RegsFile</name>
         <uninitialized>true</uninitialized>
         <run_address>0x4000</run_address>
         <size>0x100</size>
         <input_file_ref idref="fl-d"/>
      </object_component>
      <object_component id="oc-108">
         <name>EPwm2RegsFile</name>
         <uninitialized>true</uninitialized>
         <run_address>0x4100</run_address>
         <size>0x100</size>
         <input_file_ref idref="fl-d"/>
      </object_component>
      <object_component id="oc-10b">
         <name>EPwm3RegsFile</name>
         <uninitialized>true</uninitialized>
         <run_address>0x4200</run_address>
         <size>0x100</size>
         <input_file_ref idref="fl-d"/>
      </object_component>
      <object_component id="oc-106">
         <name>EPwm4RegsFile</name>
         <uninitialized>true</uninitialized>
         <run_address>0x4300</run_address>
         <size>0x100</size>
         <input_file_ref idref="fl-d"/>
      </object_component>
      <object_component id="oc-105">
         <name>EPwm5RegsFile</name>
         <uninitialized>true</uninitialized>
         <run_address>0x4400</run_address>
         <size>0x100</size>
         <input_file_ref idref="fl-d"/>
      </object_component>
      <object_component id="oc-10a">
         <name>EPwm6RegsFile</name>
         <uninitialized>true</uninitialized>
         <run_address>0x4500</run_address>
         <size>0x100</size>
         <input_file_ref idref="fl-d"/>
      </object_component>
      <object_component id="oc-107">
         <name>EPwm7RegsFile</name>
         <uninitialized>true</uninitialized>
         <run_address>0x4600</run_address>
         <size>0x100</size>
         <input_file_ref idref="fl-d"/>
      </object_component>
      <object_component id="oc-110">
         <name>EPwm8RegsFile</name>
         <uninitialized>true</uninitialized>
         <run_address>0x4700</run_address>
         <size>0x100</size>
         <input_file_ref idref="fl-d"/>
      </object_component>
      <object_component id="oc-10e">
         <name>EPwm9RegsFile</name>
         <uninitialized>true</uninitialized>
         <run_address>0x4800</run_address>
         <size>0x100</size>
         <input_file_ref idref="fl-d"/>
      </object_component>
      <object_component id="oc-10f">
         <name>EPwm10RegsFile</name>
         <uninitialized>true</uninitialized>
         <run_address>0x4900</run_address>
         <size>0x100</size>
         <input_file_ref idref="fl-d"/>
      </object_component>
      <object_component id="oc-10c">
         <name>EPwm11RegsFile</name>
         <uninitialized>true</uninitialized>
         <run_address>0x4a00</run_address>
         <size>0x100</size>
         <input_file_ref idref="fl-d"/>
      </object_component>
      <object_component id="oc-10d">
         <name>EPwm12RegsFile</name>
         <uninitialized>true</uninitialized>
         <run_address>0x4b00</run_address>
         <size>0x100</size>
         <input_file_ref idref="fl-d"/>
      </object_component>
      <object_component id="oc-f6">
         <name>EPwmXbarRegsFile</name>
         <uninitialized>true</uninitialized>
         <run_address>0x7a00</run_address>
         <size>0x40</size>
         <input_file_ref idref="fl-d"/>
      </object_component>
      <object_component id="oc-e5">
         <name>EQep1RegsFile</name>
         <uninitialized>true</uninitialized>
         <run_address>0x5100</run_address>
         <size>0x22</size>
         <input_file_ref idref="fl-d"/>
      </object_component>
      <object_component id="oc-e6">
         <name>EQep2RegsFile</name>
         <uninitialized>true</uninitialized>
         <run_address>0x5140</run_address>
         <size>0x22</size>
         <input_file_ref idref="fl-d"/>
      </object_component>
      <object_component id="oc-e9">
         <name>EQep3RegsFile</name>
         <uninitialized>true</uninitialized>
         <run_address>0x5180</run_address>
         <size>0x22</size>
         <input_file_ref idref="fl-d"/>
      </object_component>
      <object_component id="oc-114">
         <name>Flash0CtrlRegsFile</name>
         <uninitialized>true</uninitialized>
         <run_address>0x5f800</run_address>
         <size>0x182</size>
         <input_file_ref idref="fl-d"/>
      </object_component>
      <object_component id="oc-ef">
         <name>Flash0EccRegsFile</name>
         <uninitialized>true</uninitialized>
         <run_address>0x5fb00</run_address>
         <size>0x28</size>
         <input_file_ref idref="fl-d"/>
      </object_component>
      <object_component id="oc-113">
         <name>Flash1CtrlRegsFile</name>
         <uninitialized>true</uninitialized>
         <run_address>0x5fc00</run_address>
         <size>0x182</size>
         <input_file_ref idref="fl-d"/>
      </object_component>
      <object_component id="oc-ee">
         <name>Flash1EccRegsFile</name>
         <uninitialized>true</uninitialized>
         <run_address>0x5ff00</run_address>
         <size>0x28</size>
         <input_file_ref idref="fl-d"/>
      </object_component>
      <object_component id="oc-112">
         <name>GpioCtrlRegsFile</name>
         <uninitialized>true</uninitialized>
         <run_address>0x7c00</run_address>
         <size>0x180</size>
         <input_file_ref idref="fl-d"/>
      </object_component>
      <object_component id="oc-f1">
         <name>GpioDataRegsFile</name>
         <uninitialized>true</uninitialized>
         <run_address>0x7f00</run_address>
         <size>0x30</size>
         <input_file_ref idref="fl-d"/>
      </object_component>
      <object_component id="oc-f7">
         <name>OutputXbarRegsFile</name>
         <uninitialized>true</uninitialized>
         <run_address>0x7a80</run_address>
         <size>0x40</size>
         <input_file_ref idref="fl-d"/>
      </object_component>
      <object_component id="oc-e8">
         <name>I2caRegsFile</name>
         <uninitialized>true</uninitialized>
         <run_address>0x7300</run_address>
         <size>0x22</size>
         <input_file_ref idref="fl-d"/>
      </object_component>
      <object_component id="oc-e7">
         <name>I2cbRegsFile</name>
         <uninitialized>true</uninitialized>
         <run_address>0x7340</run_address>
         <size>0x22</size>
         <input_file_ref idref="fl-d"/>
      </object_component>
      <object_component id="oc-d6">
         <name>InputXbarRegsFile</name>
         <uninitialized>true</uninitialized>
         <run_address>0x7900</run_address>
         <size>0x20</size>
         <input_file_ref idref="fl-d"/>
      </object_component>
      <object_component id="oc-d7">
         <name>XbarRegsFile</name>
         <uninitialized>true</uninitialized>
         <run_address>0x7920</run_address>
         <size>0x20</size>
         <input_file_ref idref="fl-d"/>
      </object_component>
      <object_component id="oc-b7">
         <name>FlashPumpSemaphoreRegsFile</name>
         <uninitialized>true</uninitialized>
         <run_address>0x50024</run_address>
         <size>0x2</size>
         <input_file_ref idref="fl-d"/>
      </object_component>
      <object_component id="oc-b6">
         <name>RomPrefetchRegsFile</name>
         <uninitialized>true</uninitialized>
         <run_address>0x5e608</run_address>
         <size>0x2</size>
         <input_file_ref idref="fl-d"/>
      </object_component>
      <object_component id="oc-102">
         <name>MemCfgRegsFile</name>
         <uninitialized>true</uninitialized>
         <run_address>0x5f400</run_address>
         <size>0x80</size>
         <input_file_ref idref="fl-d"/>
      </object_component>
      <object_component id="oc-d4">
         <name>Emif1ConfigRegsFile</name>
         <uninitialized>true</uninitialized>
         <run_address>0x5f480</run_address>
         <size>0x20</size>
         <input_file_ref idref="fl-d"/>
      </object_component>
      <object_component id="oc-d5">
         <name>Emif2ConfigRegsFile</name>
         <uninitialized>true</uninitialized>
         <run_address>0x5f4a0</run_address>
         <size>0x20</size>
         <input_file_ref idref="fl-d"/>
      </object_component>
      <object_component id="oc-f4">
         <name>AccessProtectionRegsFile</name>
         <uninitialized>true</uninitialized>
         <run_address>0x5f4c0</run_address>
         <size>0x40</size>
         <input_file_ref idref="fl-d"/>
      </object_component>
      <object_component id="oc-f5">
         <name>MemoryErrorRegsFile</name>
         <uninitialized>true</uninitialized>
         <run_address>0x5f500</run_address>
         <size>0x40</size>
         <input_file_ref idref="fl-d"/>
      </object_component>
      <object_component id="oc-b8">
         <name>RomWaitStateRegsFile</name>
         <uninitialized>true</uninitialized>
         <run_address>0x5f540</run_address>
         <size>0x2</size>
         <input_file_ref idref="fl-d"/>
      </object_component>
      <object_component id="oc-ed">
         <name>McbspaRegsFile</name>
         <uninitialized>true</uninitialized>
         <run_address>0x6000</run_address>
         <size>0x24</size>
         <input_file_ref idref="fl-d"/>
      </object_component>
      <object_component id="oc-ec">
         <name>McbspbRegsFile</name>
         <uninitialized>true</uninitialized>
         <run_address>0x6040</run_address>
         <size>0x24</size>
         <input_file_ref idref="fl-d"/>
      </object_component>
      <object_component id="oc-f8">
         <name>UppRegsFile</name>
         <uninitialized>true</uninitialized>
         <run_address>0x6200</run_address>
         <size>0x48</size>
         <input_file_ref idref="fl-d"/>
      </object_component>
      <object_component id="oc-bb">
         <name>NmiIntruptRegsFile</name>
         <uninitialized>true</uninitialized>
         <run_address>0x7060</run_address>
         <size>0x7</size>
         <input_file_ref idref="fl-d"/>
      </object_component>
      <object_component id="oc-d0">
         <name>PieCtrlRegsFile</name>
         <uninitialized>true</uninitialized>
         <run_address>0xce0</run_address>
         <size>0x1a</size>
         <input_file_ref idref="fl-d"/>
      </object_component>
      <object_component id="oc-c9">
         <name>SciaRegsFile</name>
         <uninitialized>true</uninitialized>
         <run_address>0x7200</run_address>
         <size>0x10</size>
         <input_file_ref idref="fl-d"/>
      </object_component>
      <object_component id="oc-c8">
         <name>ScibRegsFile</name>
         <uninitialized>true</uninitialized>
         <run_address>0x7210</run_address>
         <size>0x10</size>
         <input_file_ref idref="fl-d"/>
      </object_component>
      <object_component id="oc-ca">
         <name>ScicRegsFile</name>
         <uninitialized>true</uninitialized>
         <run_address>0x7220</run_address>
         <size>0x10</size>
         <input_file_ref idref="fl-d"/>
      </object_component>
      <object_component id="oc-c7">
         <name>ScidRegsFile</name>
         <uninitialized>true</uninitialized>
         <run_address>0x7230</run_address>
         <size>0x10</size>
         <input_file_ref idref="fl-d"/>
      </object_component>
      <object_component id="oc-100">
         <name>Sdfm1RegsFile</name>
         <uninitialized>true</uninitialized>
         <run_address>0x5e00</run_address>
         <size>0x80</size>
         <input_file_ref idref="fl-d"/>
      </object_component>
      <object_component id="oc-101">
         <name>Sdfm2RegsFile</name>
         <uninitialized>true</uninitialized>
         <run_address>0x5e80</run_address>
         <size>0x80</size>
         <input_file_ref idref="fl-d"/>
      </object_component>
      <object_component id="oc-c4">
         <name>SpiaRegsFile</name>
         <uninitialized>true</uninitialized>
         <run_address>0x6100</run_address>
         <size>0x10</size>
         <input_file_ref idref="fl-d"/>
      </object_component>
      <object_component id="oc-c6">
         <name>SpibRegsFile</name>
         <uninitialized>true</uninitialized>
         <run_address>0x6110</run_address>
         <size>0x10</size>
         <input_file_ref idref="fl-d"/>
      </object_component>
      <object_component id="oc-c5">
         <name>SpicRegsFile</name>
         <uninitialized>true</uninitialized>
         <run_address>0x6120</run_address>
         <size>0x10</size>
         <input_file_ref idref="fl-d"/>
      </object_component>
      <object_component id="oc-111">
         <name>DevCfgRegsFile</name>
         <uninitialized>true</uninitialized>
         <run_address>0x5d000</run_address>
         <size>0x12e</size>
         <input_file_ref idref="fl-d"/>
      </object_component>
      <object_component id="oc-f2">
         <name>ClkCfgRegsFile</name>
         <uninitialized>true</uninitialized>
         <run_address>0x5d200</run_address>
         <size>0x32</size>
         <input_file_ref idref="fl-d"/>
      </object_component>
      <object_component id="oc-103">
         <name>CpuSysRegsFile</name>
         <uninitialized>true</uninitialized>
         <run_address>0x5d300</run_address>
         <size>0x82</size>
         <input_file_ref idref="fl-d"/>
      </object_component>
      <object_component id="oc-ba">
         <name>SyncSocRegsFile</name>
         <uninitialized>true</uninitialized>
         <run_address>0x7940</run_address>
         <size>0x6</size>
         <input_file_ref idref="fl-d"/>
      </object_component>
      <object_component id="oc-f0">
         <name>WdRegsFile</name>
         <uninitialized>true</uninitialized>
         <run_address>0x7000</run_address>
         <size>0x2b</size>
         <input_file_ref idref="fl-d"/>
      </object_component>
      <object_component id="oc-c3">
         <name>XintRegsFile</name>
         <uninitialized>true</uninitialized>
         <run_address>0x7070</run_address>
         <size>0xb</size>
         <input_file_ref idref="fl-d"/>
      </object_component>
      <object_component id="oc-78">
         <name>.debug_info</name>
         <load_address>0x0</load_address>
         <run_address>0x0</run_address>
         <size>0x21421</size>
         <input_file_ref idref="fl-2"/>
      </object_component>
      <object_component id="oc-80">
         <name>.debug_info</name>
         <load_address>0x21421</load_address>
         <run_address>0x21421</run_address>
         <size>0x6ae</size>
         <input_file_ref idref="fl-3"/>
      </object_component>
      <object_component id="oc-85">
         <name>.debug_info</name>
         <load_address>0x21acf</load_address>
         <run_address>0x21acf</run_address>
         <size>0x49e</size>
         <input_file_ref idref="fl-4"/>
      </object_component>
      <object_component id="oc-8a">
         <name>.debug_info</name>
         <load_address>0x21f6d</load_address>
         <run_address>0x21f6d</run_address>
         <size>0xd884</size>
         <input_file_ref idref="fl-5"/>
      </object_component>
      <object_component id="oc-8f">
         <name>.debug_info</name>
         <load_address>0x2f7f1</load_address>
         <run_address>0x2f7f1</run_address>
         <size>0x919</size>
         <input_file_ref idref="fl-6"/>
      </object_component>
      <object_component id="oc-94">
         <name>.debug_info</name>
         <load_address>0x3010a</load_address>
         <run_address>0x3010a</run_address>
         <size>0x95ee</size>
         <input_file_ref idref="fl-7"/>
      </object_component>
      <object_component id="oc-99">
         <name>.debug_info</name>
         <load_address>0x396f8</load_address>
         <run_address>0x396f8</run_address>
         <size>0x92ae</size>
         <input_file_ref idref="fl-8"/>
      </object_component>
      <object_component id="oc-9e">
         <name>.debug_info</name>
         <load_address>0x429a6</load_address>
         <run_address>0x429a6</run_address>
         <size>0x900f</size>
         <input_file_ref idref="fl-9"/>
      </object_component>
      <object_component id="oc-a3">
         <name>.debug_info</name>
         <load_address>0x4b9b5</load_address>
         <run_address>0x4b9b5</run_address>
         <size>0x497a</size>
         <input_file_ref idref="fl-a"/>
      </object_component>
      <object_component id="oc-a9">
         <name>.debug_info</name>
         <load_address>0x5032f</load_address>
         <run_address>0x5032f</run_address>
         <size>0x1fb</size>
         <input_file_ref idref="fl-b"/>
      </object_component>
      <object_component id="oc-ad">
         <name>.debug_info</name>
         <load_address>0x5052a</load_address>
         <run_address>0x5052a</run_address>
         <size>0x7dec</size>
         <input_file_ref idref="fl-c"/>
      </object_component>
      <object_component id="oc-b3">
         <name>.debug_info</name>
         <load_address>0x58316</load_address>
         <run_address>0x58316</run_address>
         <size>0x4b0ea</size>
         <input_file_ref idref="fl-d"/>
      </object_component>
      <object_component id="oc-117">
         <name>.debug_info</name>
         <load_address>0xa3400</load_address>
         <run_address>0xa3400</run_address>
         <size>0x190a6</size>
         <input_file_ref idref="fl-e"/>
      </object_component>
      <object_component id="oc-11c">
         <name>.debug_info</name>
         <load_address>0xbc4a6</load_address>
         <run_address>0xbc4a6</run_address>
         <size>0x36c3</size>
         <input_file_ref idref="fl-f"/>
      </object_component>
      <object_component id="oc-121">
         <name>.debug_info</name>
         <load_address>0xbfb69</load_address>
         <run_address>0xbfb69</run_address>
         <size>0x6804</size>
         <input_file_ref idref="fl-10"/>
      </object_component>
      <object_component id="oc-127">
         <name>.debug_info</name>
         <load_address>0xc636d</load_address>
         <run_address>0xc636d</run_address>
         <size>0x8ffb</size>
         <input_file_ref idref="fl-11"/>
      </object_component>
      <object_component id="oc-12c">
         <name>.debug_info</name>
         <load_address>0xcf368</load_address>
         <run_address>0xcf368</run_address>
         <size>0x201f</size>
         <input_file_ref idref="fl-12"/>
      </object_component>
      <object_component id="oc-132">
         <name>.debug_info</name>
         <load_address>0xd1387</load_address>
         <run_address>0xd1387</run_address>
         <size>0x181</size>
         <input_file_ref idref="fl-13"/>
      </object_component>
      <object_component id="oc-136">
         <name>.debug_info</name>
         <load_address>0xd1508</load_address>
         <run_address>0xd1508</run_address>
         <size>0x5e85</size>
         <input_file_ref idref="fl-14"/>
      </object_component>
      <object_component id="oc-13c">
         <name>.debug_info</name>
         <load_address>0xd738d</load_address>
         <run_address>0xd738d</run_address>
         <size>0x7235</size>
         <input_file_ref idref="fl-15"/>
      </object_component>
      <object_component id="oc-142">
         <name>.debug_info</name>
         <load_address>0xde5c2</load_address>
         <run_address>0xde5c2</run_address>
         <size>0x1d04</size>
         <input_file_ref idref="fl-16"/>
      </object_component>
      <object_component id="oc-147">
         <name>.debug_info</name>
         <load_address>0xe02c6</load_address>
         <run_address>0xe02c6</run_address>
         <size>0xb2a5</size>
         <input_file_ref idref="fl-17"/>
      </object_component>
      <object_component id="oc-14f">
         <name>.debug_info</name>
         <load_address>0xeb56b</load_address>
         <run_address>0xeb56b</run_address>
         <size>0x5c12</size>
         <input_file_ref idref="fl-18"/>
      </object_component>
      <object_component id="oc-154">
         <name>.debug_info</name>
         <load_address>0xf117d</load_address>
         <run_address>0xf117d</run_address>
         <size>0xe3c5</size>
         <input_file_ref idref="fl-19"/>
      </object_component>
      <object_component id="oc-15b">
         <name>.debug_info</name>
         <load_address>0xff542</load_address>
         <run_address>0xff542</run_address>
         <size>0xa768</size>
         <input_file_ref idref="fl-1a"/>
      </object_component>
      <object_component id="oc-162">
         <name>.debug_info</name>
         <load_address>0x109caa</load_address>
         <run_address>0x109caa</run_address>
         <size>0x57f</size>
         <input_file_ref idref="fl-1b"/>
      </object_component>
      <object_component id="oc-167">
         <name>.debug_info</name>
         <load_address>0x10a229</load_address>
         <run_address>0x10a229</run_address>
         <size>0x749</size>
         <input_file_ref idref="fl-1c"/>
      </object_component>
      <object_component id="oc-16c">
         <name>.debug_info</name>
         <load_address>0x10a972</load_address>
         <run_address>0x10a972</run_address>
         <size>0x427</size>
         <input_file_ref idref="fl-1d"/>
      </object_component>
      <object_component id="oc-171">
         <name>.debug_info</name>
         <load_address>0x10ad99</load_address>
         <run_address>0x10ad99</run_address>
         <size>0x7ae9</size>
         <input_file_ref idref="fl-1e"/>
      </object_component>
      <object_component id="oc-178">
         <name>.debug_info</name>
         <load_address>0x112882</load_address>
         <run_address>0x112882</run_address>
         <size>0x6f12</size>
         <input_file_ref idref="fl-1f"/>
      </object_component>
      <object_component id="oc-17f">
         <name>.debug_info</name>
         <load_address>0x119794</load_address>
         <run_address>0x119794</run_address>
         <size>0x930</size>
         <input_file_ref idref="fl-20"/>
      </object_component>
      <object_component id="oc-187">
         <name>.debug_info</name>
         <load_address>0x11a0c4</load_address>
         <run_address>0x11a0c4</run_address>
         <size>0x112</size>
         <input_file_ref idref="fl-2e"/>
      </object_component>
      <object_component id="oc-18b">
         <name>.debug_info</name>
         <load_address>0x11a1d6</load_address>
         <run_address>0x11a1d6</run_address>
         <size>0x4b9</size>
         <input_file_ref idref="fl-2f"/>
      </object_component>
      <object_component id="oc-193">
         <name>.debug_info</name>
         <load_address>0x11a68f</load_address>
         <run_address>0x11a68f</run_address>
         <size>0xf4</size>
         <input_file_ref idref="fl-30"/>
      </object_component>
      <object_component id="oc-198">
         <name>.debug_info</name>
         <load_address>0x11a783</load_address>
         <run_address>0x11a783</run_address>
         <size>0xf4</size>
         <input_file_ref idref="fl-31"/>
      </object_component>
      <object_component id="oc-19d">
         <name>.debug_info</name>
         <load_address>0x11a877</load_address>
         <run_address>0x11a877</run_address>
         <size>0x102</size>
         <input_file_ref idref="fl-32"/>
      </object_component>
      <object_component id="oc-1a2">
         <name>.debug_info</name>
         <load_address>0x11a979</load_address>
         <run_address>0x11a979</run_address>
         <size>0xf4</size>
         <input_file_ref idref="fl-33"/>
      </object_component>
      <object_component id="oc-1a6">
         <name>.debug_info</name>
         <load_address>0x11aa6d</load_address>
         <run_address>0x11aa6d</run_address>
         <size>0x4e3</size>
         <input_file_ref idref="fl-34"/>
      </object_component>
      <object_component id="oc-1ab">
         <name>.debug_info</name>
         <load_address>0x11af50</load_address>
         <run_address>0x11af50</run_address>
         <size>0x46d</size>
         <input_file_ref idref="fl-35"/>
      </object_component>
      <object_component id="oc-1b0">
         <name>.debug_info</name>
         <load_address>0x11b3bd</load_address>
         <run_address>0x11b3bd</run_address>
         <size>0x408</size>
         <input_file_ref idref="fl-36"/>
      </object_component>
      <object_component id="oc-1b5">
         <name>.debug_info</name>
         <load_address>0x11b7c5</load_address>
         <run_address>0x11b7c5</run_address>
         <size>0x3ff</size>
         <input_file_ref idref="fl-37"/>
      </object_component>
      <object_component id="oc-1bb">
         <name>.debug_info</name>
         <load_address>0x11bbc4</load_address>
         <run_address>0x11bbc4</run_address>
         <size>0x123</size>
         <input_file_ref idref="fl-38"/>
      </object_component>
      <object_component id="oc-1c0">
         <name>.debug_info</name>
         <load_address>0x11bce7</load_address>
         <run_address>0x11bce7</run_address>
         <size>0xf7</size>
         <input_file_ref idref="fl-39"/>
      </object_component>
      <object_component id="oc-1c4">
         <name>.debug_info</name>
         <load_address>0x11bdde</load_address>
         <run_address>0x11bdde</run_address>
         <size>0x4b0</size>
         <input_file_ref idref="fl-3a"/>
      </object_component>
      <object_component id="oc-1ca">
         <name>.debug_info</name>
         <load_address>0x11c28e</load_address>
         <run_address>0x11c28e</run_address>
         <size>0xf4</size>
         <input_file_ref idref="fl-3b"/>
      </object_component>
      <object_component id="oc-1cf">
         <name>.debug_info</name>
         <load_address>0x11c382</load_address>
         <run_address>0x11c382</run_address>
         <size>0xf4</size>
         <input_file_ref idref="fl-3c"/>
      </object_component>
      <object_component id="oc-1d3">
         <name>.debug_info</name>
         <load_address>0x11c476</load_address>
         <run_address>0x11c476</run_address>
         <size>0xd73a</size>
         <input_file_ref idref="fl-3d"/>
      </object_component>
      <object_component id="oc-1d8">
         <name>.debug_info</name>
         <load_address>0x129bb0</load_address>
         <run_address>0x129bb0</run_address>
         <size>0xdde2</size>
         <input_file_ref idref="fl-3e"/>
      </object_component>
      <object_component id="oc-1dd">
         <name>.debug_info</name>
         <load_address>0x137992</load_address>
         <run_address>0x137992</run_address>
         <size>0xe270</size>
         <input_file_ref idref="fl-3f"/>
      </object_component>
      <object_component id="oc-1e2">
         <name>.debug_info</name>
         <load_address>0x145c02</load_address>
         <run_address>0x145c02</run_address>
         <size>0xd5ff</size>
         <input_file_ref idref="fl-40"/>
      </object_component>
      <object_component id="oc-1e8">
         <name>.debug_info</name>
         <load_address>0x153201</load_address>
         <run_address>0x153201</run_address>
         <size>0xdd36</size>
         <input_file_ref idref="fl-41"/>
      </object_component>
      <object_component id="oc-1ed">
         <name>.debug_info</name>
         <load_address>0x160f37</load_address>
         <run_address>0x160f37</run_address>
         <size>0xd8bc</size>
         <input_file_ref idref="fl-42"/>
      </object_component>
      <object_component id="oc-1f2">
         <name>.debug_info</name>
         <load_address>0x16e7f3</load_address>
         <run_address>0x16e7f3</run_address>
         <size>0xdd8b</size>
         <input_file_ref idref="fl-43"/>
      </object_component>
      <object_component id="oc-1f7">
         <name>.debug_info</name>
         <load_address>0x17c57e</load_address>
         <run_address>0x17c57e</run_address>
         <size>0xd89f</size>
         <input_file_ref idref="fl-44"/>
      </object_component>
      <object_component id="oc-1fc">
         <name>.debug_info</name>
         <load_address>0x189e1d</load_address>
         <run_address>0x189e1d</run_address>
         <size>0xd7cb</size>
         <input_file_ref idref="fl-45"/>
      </object_component>
      <object_component id="oc-201">
         <name>.debug_info</name>
         <load_address>0x1975e8</load_address>
         <run_address>0x1975e8</run_address>
         <size>0x729</size>
         <input_file_ref idref="fl-46"/>
      </object_component>
      <object_component id="oc-2c8">
         <name>.debug_info</name>
         <load_address>0x197d11</load_address>
         <run_address>0x197d11</run_address>
         <size>0xb6</size>
      </object_component>
      <object_component id="oc-7c">
         <name>.debug_frame</name>
         <load_address>0x0</load_address>
         <run_address>0x0</run_address>
         <size>0x345</size>
         <input_file_ref idref="fl-2"/>
      </object_component>
      <object_component id="oc-81">
         <name>.debug_frame</name>
         <load_address>0x345</load_address>
         <run_address>0x345</run_address>
         <size>0xc3</size>
         <input_file_ref idref="fl-3"/>
      </object_component>
      <object_component id="oc-86">
         <name>.debug_frame</name>
         <load_address>0x408</load_address>
         <run_address>0x408</run_address>
         <size>0x8c</size>
         <input_file_ref idref="fl-4"/>
      </object_component>
      <object_component id="oc-8b">
         <name>.debug_frame</name>
         <load_address>0x494</load_address>
         <run_address>0x494</run_address>
         <size>0x1b1</size>
         <input_file_ref idref="fl-5"/>
      </object_component>
      <object_component id="oc-90">
         <name>.debug_frame</name>
         <load_address>0x645</load_address>
         <run_address>0x645</run_address>
         <size>0xa7</size>
         <input_file_ref idref="fl-6"/>
      </object_component>
      <object_component id="oc-95">
         <name>.debug_frame</name>
         <load_address>0x6ec</load_address>
         <run_address>0x6ec</run_address>
         <size>0x113</size>
         <input_file_ref idref="fl-7"/>
      </object_component>
      <object_component id="oc-9a">
         <name>.debug_frame</name>
         <load_address>0x7ff</load_address>
         <run_address>0x7ff</run_address>
         <size>0xdf</size>
         <input_file_ref idref="fl-8"/>
      </object_component>
      <object_component id="oc-9f">
         <name>.debug_frame</name>
         <load_address>0x8de</load_address>
         <run_address>0x8de</run_address>
         <size>0x8c</size>
         <input_file_ref idref="fl-9"/>
      </object_component>
      <object_component id="oc-a4">
         <name>.debug_frame</name>
         <load_address>0x96a</load_address>
         <run_address>0x96a</run_address>
         <size>0xc3</size>
         <input_file_ref idref="fl-a"/>
      </object_component>
      <object_component id="oc-af">
         <name>.debug_frame</name>
         <load_address>0xa2d</load_address>
         <run_address>0xa2d</run_address>
         <size>0x14f9</size>
         <input_file_ref idref="fl-c"/>
      </object_component>
      <object_component id="oc-118">
         <name>.debug_frame</name>
         <load_address>0x1f26</load_address>
         <run_address>0x1f26</run_address>
         <size>0x1fd</size>
         <input_file_ref idref="fl-e"/>
      </object_component>
      <object_component id="oc-11d">
         <name>.debug_frame</name>
         <load_address>0x2123</load_address>
         <run_address>0x2123</run_address>
         <size>0xb6</size>
         <input_file_ref idref="fl-f"/>
      </object_component>
      <object_component id="oc-123">
         <name>.debug_frame</name>
         <load_address>0x21d9</load_address>
         <run_address>0x21d9</run_address>
         <size>0xa7</size>
         <input_file_ref idref="fl-10"/>
      </object_component>
      <object_component id="oc-128">
         <name>.debug_frame</name>
[...]
      <symbol id="sm-67c">
         <name>_send_config_mode_command</name>
         <value>0x83cfc</value>
         <object_component_ref idref="oc-212"/>
      </symbol>
      <symbol id="sm-67d">
         <name>_read_Command</name>
         <value>0x83c45</value>
         <object_component_ref idref="oc-212"/>
      </symbol>
      <symbol id="sm-67e">
         <name>_extract_drive_command</name>
         <value>0x83cad</value>
         <object_component_ref idref="oc-212"/>
      </symbol>
      <symbol id="sm-67f">
         <name>_open_tcp_connection</name>
         <value>0x83b49</value>
         <object_component_ref idref="oc-212"/>
      </symbol>
      <symbol id="sm-680">
         <name>_extract_config_mode_command</name>
         <value>0x83c9d</value>
         <object_component_ref idref="oc-212"/>
      </symbol>
      <symbol id="sm-681">
         <name>_enter_command_mode</name>
         <value>0x83aa2</value>
         <object_component_ref idref="oc-212"/>
      </symbol>
      <symbol id="sm-682">
         <name>_exit_command_mode</name>
         <value>0x83ad7</value>
         <object_component_ref idref="oc-212"/>
      </symbol>
      <symbol id="sm-683">
         <name>_send_drive_command</name>
         <value>0x83e36</value>
         <object_component_ref idref="oc-212"/>
      </symbol>
      <symbol id="sm-684">
         <name>_close_tcp_connection</name>
         <value>0x83bc4</value>
         <object_component_ref idref="oc-212"/>
      </symbol>
      <symbol id="sm-685">
         <name>_send_Command</name>
         <value>0x83e15</value>
         <object_component_ref idref="oc-212"/>
      </symbol>
      <symbol id="sm-686">
         <name>_tcp_connected</name>
         <value>0x83e11</value>
         <object_component_ref idref="oc-212"/>
      </symbol>
      <symbol id="sm-687">
         <name>_extract_state_change_command</name>
         <value>0x83c8d</value>
         <object_component_ref idref="oc-212"/>
      </symbol>
      <symbol id="sm-688">
         <name>_init_wifly</name>
         <value>0x83a69</value>
         <object_component_ref idref="oc-212"/>
      </symbol>
      <symbol id="sm-689">
         <name>_send_measurement_command</name>
         <value>0x83d57</value>
         <object_component_ref idref="oc-212"/>
      </symbol>
      <symbol id="sm-68a">
         <name>_send_Char</name>
         <value>0x83e2c</value>
         <object_component_ref idref="oc-212"/>
      </symbol>
      <symbol id="sm-68b">
         <name>_send_state_change_command</name>
         <value>0x83cdf</value>
         <object_component_ref idref="oc-212"/>
      </symbol>
      <symbol id="sm-6a8">
         <name>_execute_config_mode_cmd</name>
         <value>0x86144</value>
         <object_component_ref idref="oc-226"/>
      </symbol>
      <symbol id="sm-6d4">
         <name>_erase_bank_0_sector_h</name>
         <value>0x8000</value>
         <object_component_ref idref="oc-227"/>
      </symbol>
      <symbol id="sm-6d5">
         <name>_write_Flash</name>
         <value>0x8026</value>
         <object_component_ref idref="oc-227"/>
      </symbol>
      <symbol id="sm-6d6">
         <name>_read_Flash</name>
         <value>0x861df</value>
         <object_component_ref idref="oc-220"/>
      </symbol>
      <symbol id="sm-721">
         <name>_fsm_main_set_state</name>
         <value>0x84ddd</value>
         <object_component_ref idref="oc-217"/>
      </symbol>
      <symbol id="sm-722">
         <name>_fsm_exit_stop</name>
         <value>0x84fd0</value>
         <object_component_ref idref="oc-217"/>
      </symbol>
      <symbol id="sm-723">
         <name>_fsm_cyclic_stop</name>
         <value>0x84e30</value>
         <object_component_ref idref="oc-217"/>
      </symbol>
      <symbol id="sm-724">
         <name>_fsm_main_get_state</name>
         <value>0x84e13</value>
         <object_component_ref idref="oc-217"/>
      </symbol>
      <symbol id="sm-725">
         <name>_fsm_cyclic_run</name>
         <value>0x84e74</value>
         <object_component_ref idref="oc-217"/>
      </symbol>
      <symbol id="sm-726">
         <name>_fsm_init_stop</name>
         <value>0x84ef3</value>
         <object_component_ref idref="oc-217"/>
      </symbol>
      <symbol id="sm-727">
         <name>_fsm_init_config</name>
         <value>0x84f4a</value>
         <object_component_ref idref="oc-217"/>
      </symbol>
      <symbol id="sm-728">
         <name>_fsm_main_init</name>
         <value>0x84dd4</value>
         <object_component_ref idref="oc-217"/>
      </symbol>
      <symbol id="sm-729">
         <name>_fsm_exit_config</name>
         <value>0x85003</value>
         <object_component_ref idref="oc-217"/>
      </symbol>
      <symbol id="sm-72a">
         <name>_fsm_init_run</name>
         <value>0x84f5a</value>
         <object_component_ref idref="oc-217"/>
      </symbol>
      <symbol id="sm-72b">
         <name>_fsm_init_error</name>
         <value>0x84f7b</value>
         <object_component_ref idref="oc-217"/>
      </symbol>
      <symbol id="sm-72c">
         <name>_fsm_cyclic_error</name>
         <value>0x84ec9</value>
         <object_component_ref idref="oc-217"/>
      </symbol>
      <symbol id="sm-72d">
         <name>_fsm_cyclic_config</name>
         <value>0x84e39</value>
         <object_component_ref idref="oc-217"/>
      </symbol>
      <symbol id="sm-72e">
         <name>_fsm_exit_run</name>
         <value>0x85023</value>
         <object_component_ref idref="oc-217"/>
      </symbol>
      <symbol id="sm-72f">
         <name>_fsm_main_run</name>
         <value>0x84e17</value>
         <object_component_ref idref="oc-217"/>
      </symbol>
      <symbol id="sm-73e">
         <name>_hal_button_read</name>
         <value>0x8653c</value>
         <object_component_ref idref="oc-214"/>
      </symbol>
      <symbol id="sm-73f">
         <name>_hal_button_init</name>
         <value>0x86531</value>
         <object_component_ref idref="oc-214"/>
      </symbol>
      <symbol id="sm-74c">
         <name>_hal_led_on</name>
         <value>0x862c2</value>
         <object_component_ref idref="oc-213"/>
      </symbol>
      <symbol id="sm-74d">
         <name>_hal_led_init</name>
         <value>0x86294</value>
         <object_component_ref idref="oc-213"/>
      </symbol>
      <symbol id="sm-74e">
         <name>_hal_led_off_all</name>
         <value>0x862a9</value>
         <object_component_ref idref="oc-213"/>
      </symbol>
      <symbol id="sm-74f">
         <name>_hal_led_on_all</name>
         <value>0x862b9</value>
         <object_component_ref idref="oc-213"/>
      </symbol>
      <symbol id="sm-750">
         <name>_hal_led_off</name>
         <value>0x862b2</value>
         <object_component_ref idref="oc-213"/>
      </symbol>
      <symbol id="sm-771">
         <name>_get_servo_angle</name>
         <value>0x85aa9</value>
         <object_component_ref idref="oc-216"/>
      </symbol>
      <symbol id="sm-772">
         <name>_set_servo_angle</name>
         <value>0x85a80</value>
         <object_component_ref idref="oc-216"/>
      </symbol>
      <symbol id="sm-773">
         <name>_servo_ramp</name>
         <value>0x85a53</value>
         <object_component_ref idref="oc-216"/>
      </symbol>
      <symbol id="sm-774">
         <name>_pwm_servo_init</name>
         <value>0x859f6</value>
         <object_component_ref idref="oc-216"/>
      </symbol>
      <symbol id="sm-775">
         <name>_set_servo_angle_ref</name>
         <value>0x85a4a</value>
         <object_component_ref idref="oc-216"/>
      </symbol>
      <symbol id="sm-7ad">
         <name>_set_axis_point</name>
         <value>0x842d3</value>
         <object_component_ref idref="oc-210"/>
      </symbol>
      <symbol id="sm-7ae">
         <name>_get_KI</name>
         <value>0x840dd</value>
         <object_component_ref idref="oc-210"/>
      </symbol>
      <symbol id="sm-7af">
         <name>_get_KP</name>
         <value>0x840c1</value>
         <object_component_ref idref="oc-210"/>
      </symbol>
      <symbol id="sm-7b0">
         <name>_get_angle_multiplier</name>
         <value>0x84085</value>
         <object_component_ref idref="oc-210"/>
      </symbol>
      <symbol id="sm-7b1">
         <name>_decrement_servo</name>
         <value>0x84080</value>
         <object_component_ref idref="oc-210"/>
      </symbol>
      <symbol id="sm-7b2">
         <name>_increment_servo</name>
         <value>0x8407b</value>
         <object_component_ref idref="oc-210"/>
      </symbol>
      <symbol id="sm-7b3">
         <name>_get_left_wheel_factor</name>
         <value>0x8423a</value>
         <object_component_ref idref="oc-210"/>
      </symbol>
      <symbol id="sm-7b4">
         <name>_get_right_wheel_factor</name>
         <value>0x841f4</value>
         <object_component_ref idref="oc-210"/>
      </symbol>
      <symbol id="sm-7b5">
         <name>_get_potentiometer_right</name>
         <value>0x840ac</value>
         <object_component_ref idref="oc-210"/>
      </symbol>
      <symbol id="sm-7b6">
         <name>_get_potentiometer_left</name>
         <value>0x8409b</value>
         <object_component_ref idref="oc-210"/>
      </symbol>
      <symbol id="sm-7b7">
         <name>_set_time_angle_min_usec</name>
         <value>0x84041</value>
         <object_component_ref idref="oc-210"/>
      </symbol>
      <symbol id="sm-7b8">
         <name>_set_steering_config_default</name>
         <value>0x84027</value>
         <object_component_ref idref="oc-210"/>
      </symbol>
      <symbol id="sm-7b9">
         <name>_get_potentiometer_zero</name>
         <value>0x840b0</value>
         <object_component_ref idref="oc-210"/>
      </symbol>
      <symbol id="sm-7ba">
         <name>_set_time_angle_middle_usec</name>
         <value>0x8405d</value>
         <object_component_ref idref="oc-210"/>
      </symbol>
      <symbol id="sm-7bb">
         <name>_put_calibration_data_to_string</name>
         <value>0x840fd</value>
         <object_component_ref idref="oc-210"/>
      </symbol>
      <symbol id="sm-7bc">
         <name>_generate_distance_angle_factor</name>
         <value>0x842ed</value>
         <object_component_ref idref="oc-210"/>
      </symbol>
      <symbol id="sm-7bd">
         <name>_get_time_angle_zero</name>
         <value>0x8408a</value>
         <object_component_ref idref="oc-210"/>
      </symbol>
      <symbol id="sm-7be">
         <name>_check_if_changed</name>
         <value>0x840f9</value>
         <object_component_ref idref="oc-210"/>
      </symbol>
      <symbol id="sm-7bf">
         <name>_set_potentiometer_right</name>
         <value>0x8409f</value>
         <object_component_ref idref="oc-210"/>
      </symbol>
      <symbol id="sm-7c0">
         <name>_set_potentiometer_left</name>
         <value>0x8408f</value>
         <object_component_ref idref="oc-210"/>
      </symbol>
      <symbol id="sm-7c1">
         <name>_set_steering_config_from_flash</name>
         <value>0x8400b</value>
         <object_component_ref idref="oc-210"/>
      </symbol>
      <symbol id="sm-7c2">
         <name>_generate_middle_radius</name>
         <value>0x84282</value>
         <object_component_ref idref="oc-210"/>
      </symbol>
      <symbol id="sm-7c3">
         <name>_set_steering_point</name>
         <value>0x842e0</value>
         <object_component_ref idref="oc-210"/>
      </symbol>
      <symbol id="sm-7c4">
         <name>_set_active_model_config</name>
         <value>0x840b4</value>
         <object_component_ref idref="oc-210"/>
      </symbol>
      <symbol id="sm-7c5">
         <name>_extract_calibration_data_from_string</name>
         <value>0x84183</value>
         <object_component_ref idref="oc-210"/>
      </symbol>
      <symbol id="sm-7d4">
         <name>_init_steering_control</name>
         <value>0x85b27</value>
         <object_component_ref idref="oc-215"/>
      </symbol>
      <symbol id="sm-7d5">
         <name>_control_steering</name>
         <value>0x85abc</value>
         <object_component_ref idref="oc-215"/>
      </symbol>
      <symbol id="sm-7f0">
         <name>_c_int00</name>
         <value>0x86199</value>
         <object_component_ref idref="oc-184"/>
      </symbol>
      <symbol id="sm-7f1">
         <name>__stack</name>
         <value>0x400</value>
         <object_component_ref idref="oc-185"/>
      </symbol>
      <symbol id="sm-805">
         <name>C$$EXIT</name>
         <value>0x86518</value>
         <object_component_ref idref="oc-208"/>
      </symbol>
      <symbol id="sm-806">
         <name>_exit</name>
         <value>0x8651a</value>
         <object_component_ref idref="oc-208"/>
      </symbol>
      <symbol id="sm-807">
         <name>___TI_cleanup_ptr</name>
         <value>0xa8e8</value>
         <object_component_ref idref="oc-18d"/>
      </symbol>
      <symbol id="sm-808">
         <name>_abort</name>
         <value>0x86518</value>
         <object_component_ref idref="oc-208"/>
      </symbol>
      <symbol id="sm-809">
         <name>___TI_dtors_ptr</name>
         <value>0xa8ea</value>
         <object_component_ref idref="oc-18d"/>
      </symbol>
      <symbol id="sm-820">
         <name>FD$$DIV</name>
         <value>0x85cb5</value>
         <object_component_ref idref="oc-192"/>
      </symbol>
      <symbol id="sm-832">
         <name>FD$$MPY</name>
         <value>0x85dc8</value>
         <object_component_ref idref="oc-197"/>
      </symbol>
      <symbol id="sm-83e">
         <name>FD$$SUB</name>
         <value>0x8658e</value>
         <object_component_ref idref="oc-19c"/>
      </symbol>
      <symbol id="sm-84d">
         <name>FD$$TOL</name>
         <value>0x8648e</value>
         <object_component_ref idref="oc-1a1"/>
      </symbol>
      <symbol id="sm-862">
         <name>__unlock</name>
         <value>0xa8ec</value>
         <object_component_ref idref="oc-234"/>
      </symbol>
      <symbol id="sm-863">
         <name>__lock</name>
         <value>0xa8be</value>
         <object_component_ref idref="oc-21a"/>
      </symbol>
      <symbol id="sm-864">
         <name>__register_lock</name>
         <value>0x865c1</value>
         <object_component_ref idref="oc-228"/>
      </symbol>
      <symbol id="sm-865">
         <name>__nop</name>
         <value>0x865c5</value>
         <object_component_ref idref="oc-228"/>
      </symbol>
      <symbol id="sm-866">
         <name>__register_unlock</name>
         <value>0x865bd</value>
         <object_component_ref idref="oc-228"/>
      </symbol>
      <symbol id="sm-878">
         <name>_memcpy</name>
         <value>0x864ad</value>
         <object_component_ref idref="oc-21d"/>
      </symbol>
      <symbol id="sm-888">
         <name>_modf</name>
         <value>0x85fe3</value>
         <object_component_ref idref="oc-209"/>
      </symbol>
      <symbol id="sm-898">
         <name>_tan</name>
         <value>0x85ecd</value>
         <object_component_ref idref="oc-221"/>
      </symbol>
      <symbol id="sm-8a4">
         <name>U$$MOD</name>
         <value>0x865b7</value>
         <object_component_ref idref="oc-1ba"/>
      </symbol>
      <symbol id="sm-8a5">
         <name>U$$DIV</name>
         <value>0x865b2</value>
         <object_component_ref idref="oc-1ba"/>
      </symbol>
      <symbol id="sm-8b6">
         <name>UL$$TOFD</name>
         <value>0x86547</value>
         <object_component_ref idref="oc-1bf"/>
      </symbol>
      <symbol id="sm-8c6">
         <name>__args_main</name>
         <value>0x864ff</value>
         <object_component_ref idref="oc-207"/>
      </symbol>
      <symbol id="sm-8e1">
         <name>FD$$ADD</name>
         <value>0x85c19</value>
         <object_component_ref idref="oc-1c9"/>
      </symbol>
      <symbol id="sm-8f2">
         <name>FS$$DIV</name>
         <value>0x85d40</value>
         <object_component_ref idref="oc-1ce"/>
      </symbol>
      <symbol id="sm-90a">
         <name>_Fapi_checkFsmForReady</name>
         <value>0x8659c</value>
         <object_component_ref idref="oc-22e"/>
      </symbol>
      <symbol id="sm-90b">
         <name>_Fapi_isAddressEcc</name>
         <value>0x8625e</value>
         <object_component_ref idref="oc-23e"/>
      </symbol>
      <symbol id="sm-934">
         <name>_Fapi_issueProgrammingCommand</name>
         <value>0x85684</value>
         <object_component_ref idref="oc-230"/>
      </symbol>
      <symbol id="sm-95c">
         <name>__Fapi_issueFsmCommand</name>
         <value>0x862fb</value>
         <object_component_ref idref="oc-236"/>
      </symbol>
      <symbol id="sm-95d">
         <name>_Fapi_setupEepromSectorEnable</name>
         <value>0x85f8e</value>
         <object_component_ref idref="oc-23b"/>
      </symbol>
      <symbol id="sm-95e">
         <name>_Fapi_setActiveFlashBank</name>
         <value>0x8641f</value>
         <object_component_ref idref="oc-233"/>
      </symbol>
      <symbol id="sm-95f">
         <name>__Fapi_setupSectorsForWrite</name>
         <value>0x86380</value>
         <object_component_ref idref="oc-237"/>
      </symbol>
      <symbol id="sm-960">
         <name>_Fapi_setupBankSectorEnable</name>
         <value>0x86445</value>
         <object_component_ref idref="oc-23c"/>
      </symbol>
      <symbol id="sm-961">
         <name>_Fapi_getFsmStatus</name>
         <value>0x865ce</value>
         <object_component_ref idref="oc-231"/>
      </symbol>
      <symbol id="sm-972">
         <name>_Fapi_initializeAPI</name>
         <value>0x85f2f</value>
         <object_component_ref idref="oc-232"/>
      </symbol>
      <symbol id="sm-973">
         <name>_Fapi_GlobalInit</name>
         <value>0xa8d2</value>
         <object_component_ref idref="oc-1e3"/>
      </symbol>
      <symbol id="sm-993">
         <name>_Fapi_calculateFletcherChecksum</name>
         <value>0x8632a</value>
         <object_component_ref idref="oc-243"/>
      </symbol>
      <symbol id="sm-994">
         <name>__Fapi_calculateOtpChecksum</name>
         <value>0x865a7</value>
         <object_component_ref idref="oc-241"/>
      </symbol>
      <symbol id="sm-995">
         <name>_Fapi_waitDelay</name>
         <value>0x864e5</value>
         <object_component_ref idref="oc-23d"/>
      </symbol>
      <symbol id="sm-996">
         <name>__Fapi_divideUnsignedLong</name>
         <value>0x86356</value>
         <object_component_ref idref="oc-240"/>
      </symbol>
      <symbol id="sm-997">
         <name>__Fapi_scaleCycleValues</name>
         <value>0x86571</value>
         <object_component_ref idref="oc-242"/>
      </symbol>
      <symbol id="sm-9a5">
         <name>_Fapi_doBlankCheck</name>
         <value>0x86221</value>
         <object_component_ref idref="oc-22f"/>
      </symbol>
      <symbol id="sm-9c5">
         <name>__Fapi_checkRegionForValue</name>
         <value>0x862c9</value>
         <object_component_ref idref="oc-235"/>
      </symbol>
      <symbol id="sm-9c6">
         <name>_Fapi_flushPipeline</name>
         <value>0x863f9</value>
         <object_component_ref idref="oc-238"/>
      </symbol>
      <symbol id="sm-9c7">
         <name>__Fapi_loopRegionForValue</name>
         <value>0x85e4b</value>
         <object_component_ref idref="oc-239"/>
      </symbol>
      <symbol id="sm-9d4">
         <name>_Fapi_doVerify</name>
         <value>0x864cb</value>
         <object_component_ref idref="oc-22a"/>
      </symbol>
      <symbol id="sm-9e3">
         <name>_Fapi_issueAsyncCommandWithAddress</name>
         <value>0x8646a</value>
         <object_component_ref idref="oc-22d"/>
      </symbol>
      <symbol id="sm-9f0">
         <name>_Fapi_serviceWatchdogTimer</name>
         <value>0x83ffe</value>
         <object_component_ref idref="oc-23f"/>
      </symbol>
   </symbol_table>
   <title>Link successful</title>
</link_info>
